empty block error