Archive member included to satisfy reference by file (symbol)

C:/OCaml64/home/magnu/OCamlProject/PS1Compiler/psyqsdk/psyq/lib\libapi.a(a91.o)
                              compile/c_output/output_code3.o (ChangeClearPAD)
C:/OCaml64/home/magnu/OCamlProject/PS1Compiler/psyqsdk/psyq/lib\libapi.a(pad.o)
                              compile/c_output/output_code3.o (InitPAD)
C:/OCaml64/home/magnu/OCamlProject/PS1Compiler/psyqsdk/psyq/lib\libapi.a(patch.o)
                              C:/OCaml64/home/magnu/OCamlProject/PS1Compiler/psyqsdk/psyq/lib\libapi.a(pad.o) (_patch_pad)
C:/OCaml64/home/magnu/OCamlProject/PS1Compiler/psyqsdk/psyq/lib\libapi.a(a18.o)
                              C:/OCaml64/home/magnu/OCamlProject/PS1Compiler/psyqsdk/psyq/lib\libapi.a(pad.o) (InitPAD2)
C:/OCaml64/home/magnu/OCamlProject/PS1Compiler/psyqsdk/psyq/lib\libapi.a(a19.o)
                              C:/OCaml64/home/magnu/OCamlProject/PS1Compiler/psyqsdk/psyq/lib\libapi.a(pad.o) (StartPAD2)
C:/OCaml64/home/magnu/OCamlProject/PS1Compiler/psyqsdk/psyq/lib\libapi.a(a21.o)
                              C:/OCaml64/home/magnu/OCamlProject/PS1Compiler/psyqsdk/psyq/lib\libapi.a(pad.o) (PAD_init2)
C:/OCaml64/home/magnu/OCamlProject/PS1Compiler/psyqsdk/psyq/lib\libapi.a(a36.o)
                              C:/OCaml64/home/magnu/OCamlProject/PS1Compiler/psyqsdk/psyq/lib\libapi.a(pad.o) (EnterCriticalSection)
C:/OCaml64/home/magnu/OCamlProject/PS1Compiler/psyqsdk/psyq/lib\libapi.a(a37.o)
                              C:/OCaml64/home/magnu/OCamlProject/PS1Compiler/psyqsdk/psyq/lib\libapi.a(pad.o) (ExitCriticalSection)
C:/OCaml64/home/magnu/OCamlProject/PS1Compiler/psyqsdk/psyq/lib\libapi.a(c68.o)
                              C:/OCaml64/home/magnu/OCamlProject/PS1Compiler/psyqsdk/psyq/lib\libapi.a(patch.o) (FlushCache)
C:/OCaml64/home/magnu/OCamlProject/PS1Compiler/psyqsdk/psyq/lib\libapi.a(chclrpad.o)
                              C:/OCaml64/home/magnu/OCamlProject/PS1Compiler/psyqsdk/psyq/lib\libapi.a(pad.o) (_remove_ChgclrPAD)
C:/OCaml64/home/magnu/OCamlProject/PS1Compiler/psyqsdk/psyq/lib\libapi.a(l02.o)
                              C:/OCaml64/home/magnu/OCamlProject/PS1Compiler/psyqsdk/psyq/lib\libapi.a(pad.o) (SysEnqIntRP)
C:/OCaml64/home/magnu/OCamlProject/PS1Compiler/psyqsdk/psyq/lib\libapi.a(l03.o)
                              C:/OCaml64/home/magnu/OCamlProject/PS1Compiler/psyqsdk/psyq/lib\libapi.a(pad.o) (SysDeqIntRP)
C:/OCaml64/home/magnu/OCamlProject/PS1Compiler/psyqsdk/psyq/lib\libetc.a(vsync.o)
                              compile/c_output/output_code3.o (VSync)
C:/OCaml64/home/magnu/OCamlProject/PS1Compiler/psyqsdk/psyq/lib\libetc.a(intr_vb.o)
                              C:/OCaml64/home/magnu/OCamlProject/PS1Compiler/psyqsdk/psyq/lib\libetc.a(vsync.o) (Vcount)
C:/OCaml64/home/magnu/OCamlProject/PS1Compiler/psyqsdk/psyq/lib\libetc.a(intr.o)
                              C:/OCaml64/home/magnu/OCamlProject/PS1Compiler/psyqsdk/psyq/lib\libetc.a(intr_vb.o) (InterruptCallback)
C:/OCaml64/home/magnu/OCamlProject/PS1Compiler/psyqsdk/psyq/lib\libetc.a(intr_dma.o)
                              C:/OCaml64/home/magnu/OCamlProject/PS1Compiler/psyqsdk/psyq/lib\libetc.a(intr.o) (startIntrDMA)
C:/OCaml64/home/magnu/OCamlProject/PS1Compiler/psyqsdk/psyq/lib\libgpu.a(e03.o)
                              compile/c_output/output_code3.o (SetDefDrawEnv)
C:/OCaml64/home/magnu/OCamlProject/PS1Compiler/psyqsdk/psyq/lib\libgpu.a(e04.o)
                              compile/c_output/output_code3.o (SetDefDispEnv)
C:/OCaml64/home/magnu/OCamlProject/PS1Compiler/psyqsdk/psyq/lib\libgpu.a(font.o)
                              compile/c_output/output_code3.o (FntOpen)
C:/OCaml64/home/magnu/OCamlProject/PS1Compiler/psyqsdk/psyq/lib\libgpu.a(p06.o)
                              C:/OCaml64/home/magnu/OCamlProject/PS1Compiler/psyqsdk/psyq/lib\libgpu.a(font.o) (AddPrim)
C:/OCaml64/home/magnu/OCamlProject/PS1Compiler/psyqsdk/psyq/lib\libgpu.a(p09.o)
                              C:/OCaml64/home/magnu/OCamlProject/PS1Compiler/psyqsdk/psyq/lib\libgpu.a(font.o) (TermPrim)
C:/OCaml64/home/magnu/OCamlProject/PS1Compiler/psyqsdk/psyq/lib\libgpu.a(p10.o)
                              C:/OCaml64/home/magnu/OCamlProject/PS1Compiler/psyqsdk/psyq/lib\libgpu.a(font.o) (SetSemiTrans)
C:/OCaml64/home/magnu/OCamlProject/PS1Compiler/psyqsdk/psyq/lib\libgpu.a(p20.o)
                              C:/OCaml64/home/magnu/OCamlProject/PS1Compiler/psyqsdk/psyq/lib\libgpu.a(font.o) (SetSprt8)
C:/OCaml64/home/magnu/OCamlProject/PS1Compiler/psyqsdk/psyq/lib\libgpu.a(p26.o)
                              C:/OCaml64/home/magnu/OCamlProject/PS1Compiler/psyqsdk/psyq/lib\libgpu.a(font.o) (SetTile)
C:/OCaml64/home/magnu/OCamlProject/PS1Compiler/psyqsdk/psyq/lib\libgpu.a(p41.o)
                              C:/OCaml64/home/magnu/OCamlProject/PS1Compiler/psyqsdk/psyq/lib\libgpu.a(font.o) (SetDrawMode)
C:/OCaml64/home/magnu/OCamlProject/PS1Compiler/psyqsdk/psyq/lib\libgpu.a(sys.o)
                              compile/c_output/output_code3.o (ResetGraph)
C:/OCaml64/home/magnu/OCamlProject/PS1Compiler/psyqsdk/psyq/lib\libgpu.a(e00.o)
                              C:/OCaml64/home/magnu/OCamlProject/PS1Compiler/psyqsdk/psyq/lib\libgpu.a(font.o) (LoadTPage)
C:/OCaml64/home/magnu/OCamlProject/PS1Compiler/psyqsdk/psyq/lib\libgpu.a(e02.o)
                              C:/OCaml64/home/magnu/OCamlProject/PS1Compiler/psyqsdk/psyq/lib\libgpu.a(font.o) (LoadClut2)
C:/OCaml64/home/magnu/OCamlProject/PS1Compiler/psyqsdk/psyq/lib\libgpu.a(p00.o)
                              C:/OCaml64/home/magnu/OCamlProject/PS1Compiler/psyqsdk/psyq/lib\libgpu.a(e00.o) (GetTPage)
C:/OCaml64/home/magnu/OCamlProject/PS1Compiler/psyqsdk/psyq/lib\libgpu.a(p01.o)
                              C:/OCaml64/home/magnu/OCamlProject/PS1Compiler/psyqsdk/psyq/lib\libgpu.a(e02.o) (GetClut)
C:/OCaml64/home/magnu/OCamlProject/PS1Compiler/psyqsdk/psyq/lib\libapi.a(a23.o)
                              C:/OCaml64/home/magnu/OCamlProject/PS1Compiler/psyqsdk/psyq/lib\libetc.a(intr.o) (ReturnFromException)
C:/OCaml64/home/magnu/OCamlProject/PS1Compiler/psyqsdk/psyq/lib\libapi.a(a24.o)
                              C:/OCaml64/home/magnu/OCamlProject/PS1Compiler/psyqsdk/psyq/lib\libetc.a(intr.o) (ResetEntryInt)
C:/OCaml64/home/magnu/OCamlProject/PS1Compiler/psyqsdk/psyq/lib\libapi.a(a25.o)
                              C:/OCaml64/home/magnu/OCamlProject/PS1Compiler/psyqsdk/psyq/lib\libetc.a(intr.o) (HookEntryInt)
C:/OCaml64/home/magnu/OCamlProject/PS1Compiler/psyqsdk/psyq/lib\libapi.a(c114.o)
                              C:/OCaml64/home/magnu/OCamlProject/PS1Compiler/psyqsdk/psyq/lib\libetc.a(intr.o) (_96_remove)
C:/OCaml64/home/magnu/OCamlProject/PS1Compiler/psyqsdk/psyq/lib\libapi.a(c73.o)
                              C:/OCaml64/home/magnu/OCamlProject/PS1Compiler/psyqsdk/psyq/lib\libgpu.a(sys.o) (GPU_cw)
C:/OCaml64/home/magnu/OCamlProject/PS1Compiler/psyqsdk/psyq/lib\libapi.a(l10.o)
                              C:/OCaml64/home/magnu/OCamlProject/PS1Compiler/psyqsdk/psyq/lib\libetc.a(vsync.o) (ChangeClearRCnt)
C:/OCaml64/home/magnu/OCamlProject/PS1Compiler/psyqsdk/psyq/lib\libc.a(a63.o)
                              C:/OCaml64/home/magnu/OCamlProject/PS1Compiler/psyqsdk/psyq/lib\libetc.a(vsync.o) (puts)
C:/OCaml64/home/magnu/OCamlProject/PS1Compiler/psyqsdk/psyq/lib\libc.a(c19.o)
                              C:/OCaml64/home/magnu/OCamlProject/PS1Compiler/psyqsdk/psyq/lib\libetc.a(intr.o) (setjmp)
C:/OCaml64/home/magnu/OCamlProject/PS1Compiler/psyqsdk/psyq/lib\libc.a(c27.o)
                              C:/OCaml64/home/magnu/OCamlProject/PS1Compiler/psyqsdk/psyq/lib\libgpu.a(font.o) (strlen)
C:/OCaml64/home/magnu/OCamlProject/PS1Compiler/psyqsdk/psyq/lib\libc.a(c42.o)
                              C:/OCaml64/home/magnu/OCamlProject/PS1Compiler/psyqsdk/psyq/lib\libgpu.a(sys.o) (memcpy)
C:/OCaml64/home/magnu/OCamlProject/PS1Compiler/psyqsdk/psyq/lib\libc.a(c43.o)
                              C:/OCaml64/home/magnu/OCamlProject/PS1Compiler/psyqsdk/psyq/lib\libgpu.a(font.o) (memset)
C:/OCaml64/home/magnu/OCamlProject/PS1Compiler/psyqsdk/psyq/lib\libc.a(c63.o)
                              C:/OCaml64/home/magnu/OCamlProject/PS1Compiler/psyqsdk/psyq/lib\libetc.a(intr.o) (printf)
C:/OCaml64/home/magnu/OCamlProject/PS1Compiler/psyqsdk/psyq/lib\libetc.a(vmode.o)
                              C:/OCaml64/home/magnu/OCamlProject/PS1Compiler/psyqsdk/psyq/lib\libgpu.a(e03.o) (GetVideoMode)

Discarded input sections

 .text          0x00000000        0x0 compile/c_output/output_code3.o
 .MIPS.abiflags
                0x00000000       0x18 compile/c_output/output_code3.o
 .pdr           0x00000000       0xe0 compile/c_output/output_code3.o
 .text.initializePlatform
                0x00000000       0x38 compile/c_output/output_code3.o
 .text.initializePlayer
                0x00000000       0x44 compile/c_output/output_code3.o
 .text.isColliding
                0x00000000       0x5c compile/c_output/output_code3.o
 .text          0x00000000        0x0 C:/OCaml64/home/magnu/OCamlProject/PS1Compiler/psyqsdk/thirdparty/nugget/common/crt0/crt0.o
 .data          0x00000000        0x0 C:/OCaml64/home/magnu/OCamlProject/PS1Compiler/psyqsdk/thirdparty/nugget/common/crt0/crt0.o
 .bss           0x00000000        0x0 C:/OCaml64/home/magnu/OCamlProject/PS1Compiler/psyqsdk/thirdparty/nugget/common/crt0/crt0.o
 .reginfo       0x00000000       0x18 C:/OCaml64/home/magnu/OCamlProject/PS1Compiler/psyqsdk/thirdparty/nugget/common/crt0/crt0.o
 .MIPS.abiflags
                0x00000000       0x18 C:/OCaml64/home/magnu/OCamlProject/PS1Compiler/psyqsdk/thirdparty/nugget/common/crt0/crt0.o
 .text          0x00000000        0x0 C:/OCaml64/home/magnu/OCamlProject/PS1Compiler/psyqsdk/thirdparty/nugget/common/syscalls/printf.o
 .data          0x00000000        0x0 C:/OCaml64/home/magnu/OCamlProject/PS1Compiler/psyqsdk/thirdparty/nugget/common/syscalls/printf.o
 .bss           0x00000000        0x0 C:/OCaml64/home/magnu/OCamlProject/PS1Compiler/psyqsdk/thirdparty/nugget/common/syscalls/printf.o
 .reginfo       0x00000000       0x18 C:/OCaml64/home/magnu/OCamlProject/PS1Compiler/psyqsdk/thirdparty/nugget/common/syscalls/printf.o
 .MIPS.abiflags
                0x00000000       0x18 C:/OCaml64/home/magnu/OCamlProject/PS1Compiler/psyqsdk/thirdparty/nugget/common/syscalls/printf.o
 .pdr           0x00000000        0x0 C:/OCaml64/home/magnu/OCamlProject/PS1Compiler/psyqsdk/thirdparty/nugget/common/syscalls/printf.o
 .ramtext       0x00000000        0xc C:/OCaml64/home/magnu/OCamlProject/PS1Compiler/psyqsdk/thirdparty/nugget/common/syscalls/printf.o
 .debug_line    0x00000000       0x4b C:/OCaml64/home/magnu/OCamlProject/PS1Compiler/psyqsdk/thirdparty/nugget/common/syscalls/printf.o
 .debug_line_str
                0x00000000       0x91 C:/OCaml64/home/magnu/OCamlProject/PS1Compiler/psyqsdk/thirdparty/nugget/common/syscalls/printf.o
 .debug_info    0x00000000       0x24 C:/OCaml64/home/magnu/OCamlProject/PS1Compiler/psyqsdk/thirdparty/nugget/common/syscalls/printf.o
 .debug_abbrev  0x00000000       0x14 C:/OCaml64/home/magnu/OCamlProject/PS1Compiler/psyqsdk/thirdparty/nugget/common/syscalls/printf.o
 .debug_aranges
                0x00000000       0x20 C:/OCaml64/home/magnu/OCamlProject/PS1Compiler/psyqsdk/thirdparty/nugget/common/syscalls/printf.o
 .debug_str     0x00000000       0x9d C:/OCaml64/home/magnu/OCamlProject/PS1Compiler/psyqsdk/thirdparty/nugget/common/syscalls/printf.o
 .gnu.attributes
                0x00000000       0x10 C:/OCaml64/home/magnu/OCamlProject/PS1Compiler/psyqsdk/thirdparty/nugget/common/syscalls/printf.o

Memory Configuration

Name             Origin             Length             Attributes
loader           0x8000f800         0x00000800
ram              0x80010000         0x001f0000         xrw
dcache           0x1f800000         0x00000400
*default*        0x00000000         0xffffffff

Linker script and memory map

LOAD compile/c_output/output_code3.o
LOAD C:/OCaml64/home/magnu/OCamlProject/PS1Compiler/psyqsdk/thirdparty/nugget/common/crt0/crt0.o
LOAD C:/OCaml64/home/magnu/OCamlProject/PS1Compiler/psyqsdk/thirdparty/nugget/common/syscalls/printf.o
START GROUP
LOAD C:/OCaml64/home/magnu/OCamlProject/PS1Compiler/psyqsdk/psyq/lib\libapi.a
LOAD C:/OCaml64/home/magnu/OCamlProject/PS1Compiler/psyqsdk/psyq/lib\libc.a
LOAD C:/OCaml64/home/magnu/OCamlProject/PS1Compiler/psyqsdk/psyq/lib\libc2.a
LOAD C:/OCaml64/home/magnu/OCamlProject/PS1Compiler/psyqsdk/psyq/lib\libcard.a
LOAD C:/OCaml64/home/magnu/OCamlProject/PS1Compiler/psyqsdk/psyq/lib\libcomb.a
LOAD C:/OCaml64/home/magnu/OCamlProject/PS1Compiler/psyqsdk/psyq/lib\libds.a
LOAD C:/OCaml64/home/magnu/OCamlProject/PS1Compiler/psyqsdk/psyq/lib\libetc.a
LOAD C:/OCaml64/home/magnu/OCamlProject/PS1Compiler/psyqsdk/psyq/lib\libgpu.a
LOAD C:/OCaml64/home/magnu/OCamlProject/PS1Compiler/psyqsdk/psyq/lib\libgs.a
LOAD C:/OCaml64/home/magnu/OCamlProject/PS1Compiler/psyqsdk/psyq/lib\libgte.a
LOAD C:/OCaml64/home/magnu/OCamlProject/PS1Compiler/psyqsdk/psyq/lib\libgun.a
LOAD C:/OCaml64/home/magnu/OCamlProject/PS1Compiler/psyqsdk/psyq/lib\libhmd.a
LOAD C:/OCaml64/home/magnu/OCamlProject/PS1Compiler/psyqsdk/psyq/lib\libmath.a
LOAD C:/OCaml64/home/magnu/OCamlProject/PS1Compiler/psyqsdk/psyq/lib\libmcrd.a
LOAD C:/OCaml64/home/magnu/OCamlProject/PS1Compiler/psyqsdk/psyq/lib\libmcx.a
LOAD C:/OCaml64/home/magnu/OCamlProject/PS1Compiler/psyqsdk/psyq/lib\libpad.a
LOAD C:/OCaml64/home/magnu/OCamlProject/PS1Compiler/psyqsdk/psyq/lib\libpress.a
LOAD C:/OCaml64/home/magnu/OCamlProject/PS1Compiler/psyqsdk/psyq/lib\libsio.a
LOAD C:/OCaml64/home/magnu/OCamlProject/PS1Compiler/psyqsdk/psyq/lib\libsnd.a
LOAD C:/OCaml64/home/magnu/OCamlProject/PS1Compiler/psyqsdk/psyq/lib\libspu.a
LOAD C:/OCaml64/home/magnu/OCamlProject/PS1Compiler/psyqsdk/psyq/lib\libtap.a
LOAD C:/OCaml64/home/magnu/OCamlProject/PS1Compiler/psyqsdk/psyq/lib\libcd.a
END GROUP
                0x8002d600                        __heap_base = __bss_end
                0x80010000                        TLOAD_ADDR = DEFINED (TLOAD_ADDR)?TLOAD_ADDR:0x80010000
                0x80200000                        __ram_top = (ORIGIN (ram) + LENGTH (ram))
                0x801fff00                        __sp = (__ram_top - 0x100)
                0x1f800000                        __dcache = ORIGIN (dcache)
                0x1f800400                        __dcache_top = (ORIGIN (dcache) + LENGTH (dcache))
                0x00015e00                        __bss_len = (__bss_end - __bss_start)
                0x000053b0                        __ftext_len = (__ftext_end - __ftext_start)
                0x00002450                        __fdata_len = (__fdata_end - __fdata_start)
                0x80200000                        __stack_start = (ORIGIN (ram) + LENGTH (ram))

.PSX_EXE_Header
                0x8000f800      0x800
                0x8000f800        0x1 BYTE 0x50
                0x8000f801        0x1 BYTE 0x53
                0x8000f802        0x1 BYTE 0x2d
                0x8000f803        0x1 BYTE 0x58
                0x8000f804        0x1 BYTE 0x20
                0x8000f805        0x1 BYTE 0x45
                0x8000f806        0x1 BYTE 0x58
                0x8000f807        0x1 BYTE 0x45
                0x8000f808        0x4 LONG 0x0
                0x8000f80c        0x4 LONG 0x0
                0x8000f810        0x4 LONG 0x80010000 ABSOLUTE (_start)
                0x8000f814        0x4 LONG 0x0
                0x8000f818        0x4 LONG 0x80010000 TLOAD_ADDR
                0x8000f81c        0x4 LONG 0x7800 (__ftext_len + __fdata_len)
                0x8000f820        0x4 LONG 0x0
                0x8000f824        0x4 LONG 0x0
                0x8000f828        0x4 LONG 0x0
                0x8000f82c        0x4 LONG 0x0
                0x8000f830        0x4 LONG 0x801fff00 DEFINED (_sp)?ABSOLUTE (_sp):0x801fff00
                0x8000f834        0x4 LONG 0x0
                0x80010000                        . = (. + 0x7c8)
 *fill*         0x8000f838      0x7c8 
                0x80010000                        __ftext_start = ABSOLUTE (.)

.text           0x80010000     0x53b0
 *(.start)
 .start         0x80010000       0x64 C:/OCaml64/home/magnu/OCamlProject/PS1Compiler/psyqsdk/thirdparty/nugget/common/crt0/crt0.o
                0x80010000                _start
 *(.init)
 *(SORT_NONE(.fini))
 *(.text.unlikely .text.*_unlikely .text.unlikely.*)
 *(.text.exit .text.exit.*)
 *(.text.startup .text.startup.*)
 .text.startup.main
                0x80010064       0xfc compile/c_output/output_code3.o
                0x80010064                main
 *(.text.hot .text.hot.*)
 *(.text .stub .text.* .gnu.linkonce.t.*)
 .text.init     0x80010160      0x134 compile/c_output/output_code3.o
                0x80010160                init
 .text.display  0x80010294       0xb8 compile/c_output/output_code3.o
                0x80010294                display
 .text.renderGameObject
                0x8001034c       0xd8 compile/c_output/output_code3.o
                0x8001034c                renderGameObject
 *fill*         0x80010424        0x4 
 .text          0x80010428       0x10 C:/OCaml64/home/magnu/OCamlProject/PS1Compiler/psyqsdk/psyq/lib\libapi.a(a91.o)
                0x80010428                ChangeClearPAD
 .text          0x80010438      0x290 C:/OCaml64/home/magnu/OCamlProject/PS1Compiler/psyqsdk/psyq/lib\libapi.a(pad.o)
                0x80010438                SetInitPadFlag
                0x80010444                ReadInitPadFlag
                0x80010454                PAD_init
                0x800104e4                InitPAD
                0x80010574                StartPAD
 .text          0x800106c8       0xa0 C:/OCaml64/home/magnu/OCamlProject/PS1Compiler/psyqsdk/psyq/lib\libapi.a(patch.o)
                0x800106c8                EnablePAD
                0x800106dc                DisablePAD
                0x800106f0                _patch_pad
 .text          0x80010768       0x10 C:/OCaml64/home/magnu/OCamlProject/PS1Compiler/psyqsdk/psyq/lib\libapi.a(a18.o)
                0x80010768                InitPAD2
 .text          0x80010778       0x10 C:/OCaml64/home/magnu/OCamlProject/PS1Compiler/psyqsdk/psyq/lib\libapi.a(a19.o)
                0x80010778                StartPAD2
 .text          0x80010788       0x10 C:/OCaml64/home/magnu/OCamlProject/PS1Compiler/psyqsdk/psyq/lib\libapi.a(a21.o)
                0x80010788                PAD_init2
 .text          0x80010798       0x10 C:/OCaml64/home/magnu/OCamlProject/PS1Compiler/psyqsdk/psyq/lib\libapi.a(a36.o)
                0x80010798                EnterCriticalSection
 .text          0x800107a8       0x10 C:/OCaml64/home/magnu/OCamlProject/PS1Compiler/psyqsdk/psyq/lib\libapi.a(a37.o)
                0x800107a8                ExitCriticalSection
 .text          0x800107b8       0x10 C:/OCaml64/home/magnu/OCamlProject/PS1Compiler/psyqsdk/psyq/lib\libapi.a(c68.o)
                0x800107b8                FlushCache
 .text          0x800107c8       0x70 C:/OCaml64/home/magnu/OCamlProject/PS1Compiler/psyqsdk/psyq/lib\libapi.a(chclrpad.o)
                0x800107c8                _remove_ChgclrPAD
 .text          0x80010838       0x10 C:/OCaml64/home/magnu/OCamlProject/PS1Compiler/psyqsdk/psyq/lib\libapi.a(l02.o)
                0x80010838                SysEnqIntRP
 .text          0x80010848       0x10 C:/OCaml64/home/magnu/OCamlProject/PS1Compiler/psyqsdk/psyq/lib\libapi.a(l03.o)
                0x80010848                SysDeqIntRP
 .text          0x80010858      0x210 C:/OCaml64/home/magnu/OCamlProject/PS1Compiler/psyqsdk/psyq/lib\libetc.a(vsync.o)
                0x80010858                VSync
 .text          0x80010a68      0x120 C:/OCaml64/home/magnu/OCamlProject/PS1Compiler/psyqsdk/psyq/lib\libetc.a(intr_vb.o)
                0x80010a68                startIntrVSync
 .text          0x80010b88      0x6c0 C:/OCaml64/home/magnu/OCamlProject/PS1Compiler/psyqsdk/psyq/lib\libetc.a(intr.o)
                0x80010b88                ResetCallback
                0x80010bb8                InterruptCallback
                0x80010be8                DMACallback
                0x80010c18                VSyncCallback
                0x80010c4c                VSyncCallbacks
                0x80010c7c                StopCallback
                0x80010cac                RestartCallback
                0x80010cdc                CheckCallback
                0x80010cec                GetIntrMask
                0x80010d04                SetIntrMask
 .text          0x80011248      0x2a0 C:/OCaml64/home/magnu/OCamlProject/PS1Compiler/psyqsdk/psyq/lib\libetc.a(intr_dma.o)
                0x80011248                startIntrDMA
 .text          0x800114e8       0xc0 C:/OCaml64/home/magnu/OCamlProject/PS1Compiler/psyqsdk/psyq/lib\libgpu.a(e03.o)
                0x800114e8                SetDefDrawEnv
 .text          0x800115a8       0x40 C:/OCaml64/home/magnu/OCamlProject/PS1Compiler/psyqsdk/psyq/lib\libgpu.a(e04.o)
                0x800115a8                SetDefDispEnv
 .text          0x800115e8      0xa80 C:/OCaml64/home/magnu/OCamlProject/PS1Compiler/psyqsdk/psyq/lib\libgpu.a(font.o)
                0x800115e8                SetDumpFnt
                0x80011628                FntLoad
                0x800116c8                FntOpen
                0x80011984                FntFlush
                0x80011ca0                FntPrint
 .text          0x80012068       0x40 C:/OCaml64/home/magnu/OCamlProject/PS1Compiler/psyqsdk/psyq/lib\libgpu.a(p06.o)
                0x80012068                AddPrim
 .text          0x800120a8       0x20 C:/OCaml64/home/magnu/OCamlProject/PS1Compiler/psyqsdk/psyq/lib\libgpu.a(p09.o)
                0x800120a8                TermPrim
 .text          0x800120c8       0x30 C:/OCaml64/home/magnu/OCamlProject/PS1Compiler/psyqsdk/psyq/lib\libgpu.a(p10.o)
                0x800120c8                SetSemiTrans
 .text          0x800120f8       0x20 C:/OCaml64/home/magnu/OCamlProject/PS1Compiler/psyqsdk/psyq/lib\libgpu.a(p20.o)
                0x800120f8                SetSprt8
 .text          0x80012118       0x20 C:/OCaml64/home/magnu/OCamlProject/PS1Compiler/psyqsdk/psyq/lib\libgpu.a(p26.o)
                0x80012118                SetTile
 .text          0x80012138       0xa0 C:/OCaml64/home/magnu/OCamlProject/PS1Compiler/psyqsdk/psyq/lib\libgpu.a(p41.o)
                0x80012138                SetDrawMode
 .text          0x800121d8     0x2f00 C:/OCaml64/home/magnu/OCamlProject/PS1Compiler/psyqsdk/psyq/lib\libgpu.a(sys.o)
                0x800121d8                ResetGraph
                0x8001234c                SetGraphDebug
                0x800123a8                SetGraphQueue
                0x8001244c                GetGraphDebug
                0x8001245c                DrawSyncCallback
                0x800124bc                SetDispMask
                0x80012554                DrawSync
                0x800126d8                ClearImage
                0x80012768                ClearImage2
                0x80012800                LoadImage
                0x80012860                StoreImage
                0x800128c0                MoveImage
                0x80012978                ClearOTag
                0x80012a40                ClearOTagR
                0x80012aec                DrawPrim
                0x80012b48                DrawOTag
                0x80012bb8                PutDrawEnv
                0x80012c78                DrawOTagEnv
                0x80012d50                GetDrawEnv
                0x80012d84                PutDispEnv
                0x8001327c                GetDispEnv
                0x800132b0                GetODE
                0x800132e0                SetDrawArea
                0x80013360                SetDrawOffset
                0x800133a0                SetDrawEnv
                0x80014c70                LoadImage2
                0x80014d5c                StoreImage2
                0x80014e48                MoveImage2
                0x80014f8c                DrawOTag2
                0x80015088                _GPU_ResetCallback
 .text          0x800150d8       0xf0 C:/OCaml64/home/magnu/OCamlProject/PS1Compiler/psyqsdk/psyq/lib\libgpu.a(e00.o)
                0x800150d8                LoadTPage
 .text          0x800151c8       0x70 C:/OCaml64/home/magnu/OCamlProject/PS1Compiler/psyqsdk/psyq/lib\libgpu.a(e02.o)
                0x800151c8                LoadClut2
 .text          0x80015238       0x40 C:/OCaml64/home/magnu/OCamlProject/PS1Compiler/psyqsdk/psyq/lib\libgpu.a(p00.o)
                0x80015238                GetTPage
 .text          0x80015278       0x20 C:/OCaml64/home/magnu/OCamlProject/PS1Compiler/psyqsdk/psyq/lib\libgpu.a(p01.o)
                0x80015278                GetClut
 .text          0x80015298       0x10 C:/OCaml64/home/magnu/OCamlProject/PS1Compiler/psyqsdk/psyq/lib\libapi.a(a23.o)
                0x80015298                ReturnFromException
 .text          0x800152a8       0x10 C:/OCaml64/home/magnu/OCamlProject/PS1Compiler/psyqsdk/psyq/lib\libapi.a(a24.o)
                0x800152a8                ResetEntryInt
 .text          0x800152b8       0x10 C:/OCaml64/home/magnu/OCamlProject/PS1Compiler/psyqsdk/psyq/lib\libapi.a(a25.o)
                0x800152b8                HookEntryInt
 .text          0x800152c8       0x20 C:/OCaml64/home/magnu/OCamlProject/PS1Compiler/psyqsdk/psyq/lib\libapi.a(c114.o)
                0x800152d0                _96_remove
 .text          0x800152e8       0x10 C:/OCaml64/home/magnu/OCamlProject/PS1Compiler/psyqsdk/psyq/lib\libapi.a(c73.o)
                0x800152e8                GPU_cw
 .text          0x800152f8       0x10 C:/OCaml64/home/magnu/OCamlProject/PS1Compiler/psyqsdk/psyq/lib\libapi.a(l10.o)
                0x800152f8                ChangeClearRCnt
 .text          0x80015308       0x20 C:/OCaml64/home/magnu/OCamlProject/PS1Compiler/psyqsdk/psyq/lib\libc.a(a63.o)
                0x80015310                puts
 .text          0x80015328       0x10 C:/OCaml64/home/magnu/OCamlProject/PS1Compiler/psyqsdk/psyq/lib\libc.a(c19.o)
                0x80015328                setjmp
 .text          0x80015338       0x10 C:/OCaml64/home/magnu/OCamlProject/PS1Compiler/psyqsdk/psyq/lib\libc.a(c27.o)
                0x80015338                strlen
 .text          0x80015348       0x10 C:/OCaml64/home/magnu/OCamlProject/PS1Compiler/psyqsdk/psyq/lib\libc.a(c42.o)
                0x80015348                memcpy
 .text          0x80015358       0x10 C:/OCaml64/home/magnu/OCamlProject/PS1Compiler/psyqsdk/psyq/lib\libc.a(c43.o)
                0x80015358                memset
 .text          0x80015368       0x10 C:/OCaml64/home/magnu/OCamlProject/PS1Compiler/psyqsdk/psyq/lib\libc.a(c63.o)
                0x80015368                printf
 .text          0x80015378       0x30 C:/OCaml64/home/magnu/OCamlProject/PS1Compiler/psyqsdk/psyq/lib\libetc.a(vmode.o)
                0x80015378                SetVideoMode
                0x8001538c                GetVideoMode
                0x800153b0                        . = ALIGN (0x10)
 *fill*         0x800153a8        0x8 
 *(.init)
                0x800153b0                        . = ALIGN (0x10)
 *(.fini)
                0x800153b0                        . = ALIGN (0x10)
                0x800153b0                        __text_end = .
                0x800153b0                        __ftext_end = ABSOLUTE (.)
                0x800153b0                        __fdata_start = ABSOLUTE (.)

.rodata         0x800153b0      0x380
 *(.rodata .rodata.* .rdata .rdata.* .gnu.linkonce.r.*)
 .rodata        0x800153b0       0x10 C:/OCaml64/home/magnu/OCamlProject/PS1Compiler/psyqsdk/thirdparty/nugget/common/crt0/crt0.o
 .rdata         0x800153c0       0x10 C:/OCaml64/home/magnu/OCamlProject/PS1Compiler/psyqsdk/psyq/lib\libetc.a(vsync.o)
 .rdata         0x800153d0       0x70 C:/OCaml64/home/magnu/OCamlProject/PS1Compiler/psyqsdk/psyq/lib\libetc.a(intr.o)
 .rdata         0x80015440       0x30 C:/OCaml64/home/magnu/OCamlProject/PS1Compiler/psyqsdk/psyq/lib\libetc.a(intr_dma.o)
 .rdata         0x80015470       0xa0 C:/OCaml64/home/magnu/OCamlProject/PS1Compiler/psyqsdk/psyq/lib\libgpu.a(font.o)
 .rdata         0x80015510      0x220 C:/OCaml64/home/magnu/OCamlProject/PS1Compiler/psyqsdk/psyq/lib\libgpu.a(sys.o)
                0x80015730                        . = ALIGN (0x10)
                0x80015730                        __preinit_array_start = .
 *(.preinit_array)
                0x80015730                        __preinit_array_end = .
                0x80015730                        . = ALIGN (0x10)
                0x80015730                        __init_array_start = .
 *(SORT_BY_NAME(.init_array.*))
 *(.init_array)
                0x80015730                        . = ALIGN (0x10)
 *crtbegin.o(.ctors)
 *(EXCLUDE_FILE(*crtend.o) .ctors)
 *(SORT_BY_NAME(.ctors.*))
 *crtend.o(.ctors)
                0x80015730                        __init_array_end = .
                0x80015730                        . = ALIGN (0x10)
                0x80015730                        __fini_array_start = .
 *(.fini_array)
 *(SORT_BY_NAME(.fini_array.*))
 *crtbegin.o(.dtors)
 *(EXCLUDE_FILE(*crtend.o) .dtors)
 *(SORT_BY_NAME(.dtors.*))
 *crtend.o(.dtors)
                0x80015730                        __fini_array_end = .
                0x80015730                        __build_id = .
 *(.note.gnu.build-id)
                0x80015730                        __build_id_end = .

.rel.dyn        0x80015730        0x0
 .rel.dyn       0x80015730        0x0 C:/OCaml64/home/magnu/OCamlProject/PS1Compiler/psyqsdk/psyq/lib\libgpu.a(sys.o)

.rodata1
 *(.rodata1)
                0x80015730                        __data_start = .

.data           0x80015730     0x20d0
 *(.a0table)
 *(.data .data.* .gnu.linkonce.d.*)
 .data          0x80015730       0x3c compile/c_output/output_code3.o
                0x80015730                WHITE
                0x8001573c                YELLOW
                0x80015748                GREEN
                0x80015754                BLUE
                0x80015760                RED
 *fill*         0x8001576c        0x4 
 .data          0x80015770       0x10 C:/OCaml64/home/magnu/OCamlProject/PS1Compiler/psyqsdk/psyq/lib\libapi.a(pad.o)
 .data          0x80015780       0x20 C:/OCaml64/home/magnu/OCamlProject/PS1Compiler/psyqsdk/psyq/lib\libetc.a(vsync.o)
                0x80015790                Hcount
 .data          0x800157a0       0x30 C:/OCaml64/home/magnu/OCamlProject/PS1Compiler/psyqsdk/psyq/lib\libetc.a(intr_vb.o)
                0x800157c0                Vcount
 .data          0x800157d0     0x1100 C:/OCaml64/home/magnu/OCamlProject/PS1Compiler/psyqsdk/psyq/lib\libetc.a(intr.o)
 .data          0x800168d0       0x30 C:/OCaml64/home/magnu/OCamlProject/PS1Compiler/psyqsdk/psyq/lib\libetc.a(intr_dma.o)
 .data          0x80016900      0xb90 C:/OCaml64/home/magnu/OCamlProject/PS1Compiler/psyqsdk/psyq/lib\libgpu.a(font.o)
                0x80016900                Font
 .data          0x80017490      0x1a0 C:/OCaml64/home/magnu/OCamlProject/PS1Compiler/psyqsdk/psyq/lib\libgpu.a(sys.o)
                0x800174dc                GPU_printf
                0x800174e0                GEnv
                0x80017608                _qin
                0x8001760c                _qout
 .data          0x80017630       0x10 C:/OCaml64/home/magnu/OCamlProject/PS1Compiler/psyqsdk/psyq/lib\libetc.a(vmode.o)
 *(.data1)
 *(.sdata .sdata.* .gnu.linkonce.s.*)
 *(.sdata2 .sdata2.* .gnu.linkonce.s2.*)
 *(.got.plt)
 *(.got)
                0x80017800                        . = ALIGN (0x800)
 *fill*         0x80017640      0x1c0 
                0x80017800                        __data_end = .
                0x80017800                        __fdata_end = .
                0x80017800                        __bss_start = .

.sbss           0x80017800    0x15e00
 *(.dynsbss)
 *(.sbss .sbss.* .gnu.linkonce.sb.*)
 .sbss          0x80017800        0xc compile/c_output/output_code3.o
                0x80017800                tile
                0x80017804                nextpri
                0x80017808                db
 *(.scommon)
 *(.dynbss)
 *(.bss .bss.* .gnu.linkonce.b.*)
 .bss           0x8001780c    0x10164 compile/c_output/output_code3.o
                0x8001780c                padbuff
                0x80017850                pribuff
                0x80027850                ot
                0x80027890                draw
                0x80027948                disp
 .bss           0x80027970       0x10 C:/OCaml64/home/magnu/OCamlProject/PS1Compiler/psyqsdk/psyq/lib\libapi.a(pad.o)
                0x80027970                _apiPadPatch
 .bss           0x80027980       0x10 C:/OCaml64/home/magnu/OCamlProject/PS1Compiler/psyqsdk/psyq/lib\libapi.a(patch.o)
 .bss           0x80027990       0x10 C:/OCaml64/home/magnu/OCamlProject/PS1Compiler/psyqsdk/psyq/lib\libapi.a(chclrpad.o)
 .bss           0x800279a0     0x4410 C:/OCaml64/home/magnu/OCamlProject/PS1Compiler/psyqsdk/psyq/lib\libgpu.a(font.o)
 .bss           0x8002bdb0     0x1850 C:/OCaml64/home/magnu/OCamlProject/PS1Compiler/psyqsdk/psyq/lib\libgpu.a(sys.o)
                0x8002be00                _que
 *(COMMON)
                0x8002d600                        . = ALIGN (0x4)
                0x8002d600                        __bss_end = .
                0x8002d600                        __heap_start = __heap_base
                0x8000f800                        . = (ADDR (.text) - 0x800)
                0x8000f800                        __end = .

/DISCARD/
 *(.MIPS.abiflags)

/DISCARD/
 *(.rel.iplt)
 *(.rela.iplt)
 *(.rel.plt)
 *(.rela.plt)
 *(.plt)
 *(.iplt)

/DISCARD/
 *(.note.GNU-stack)
 *(.gnu_debuglink)
 *(.gnu.lto_*)
OUTPUT(compile/output/code3.elf elf32-littlemips)

.reginfo        0x00000000       0x18
 .reginfo       0x00000000       0x18 compile/c_output/output_code3.o

.mdebug.abi32   0x00000000        0x0
 .mdebug.abi32  0x00000000        0x0 compile/c_output/output_code3.o

.comment        0x00000000       0x12
 .comment       0x00000000       0x12 compile/c_output/output_code3.o
                                 0x13 (size before relaxing)

.gnu.attributes
                0x00000000       0x10
 .gnu.attributes
                0x00000000       0x10 compile/c_output/output_code3.o
 .gnu.attributes
                0x00000010       0x10 C:/OCaml64/home/magnu/OCamlProject/PS1Compiler/psyqsdk/thirdparty/nugget/common/crt0/crt0.o

.pdr            0x00000000        0x0
 .pdr           0x00000000        0x0 C:/OCaml64/home/magnu/OCamlProject/PS1Compiler/psyqsdk/thirdparty/nugget/common/crt0/crt0.o

.note           0x00000000     0x137c
 .note          0x00000000       0x74 C:/OCaml64/home/magnu/OCamlProject/PS1Compiler/psyqsdk/psyq/lib\libapi.a(a91.o)
 .note          0x00000074       0x74 C:/OCaml64/home/magnu/OCamlProject/PS1Compiler/psyqsdk/psyq/lib\libapi.a(pad.o)
 .note          0x000000e8       0x74 C:/OCaml64/home/magnu/OCamlProject/PS1Compiler/psyqsdk/psyq/lib\libapi.a(patch.o)
 .note          0x0000015c       0x74 C:/OCaml64/home/magnu/OCamlProject/PS1Compiler/psyqsdk/psyq/lib\libapi.a(a18.o)
 .note          0x000001d0       0x74 C:/OCaml64/home/magnu/OCamlProject/PS1Compiler/psyqsdk/psyq/lib\libapi.a(a19.o)
 .note          0x00000244       0x74 C:/OCaml64/home/magnu/OCamlProject/PS1Compiler/psyqsdk/psyq/lib\libapi.a(a21.o)
 .note          0x000002b8       0x74 C:/OCaml64/home/magnu/OCamlProject/PS1Compiler/psyqsdk/psyq/lib\libapi.a(a36.o)
 .note          0x0000032c       0x74 C:/OCaml64/home/magnu/OCamlProject/PS1Compiler/psyqsdk/psyq/lib\libapi.a(a37.o)
 .note          0x000003a0       0x74 C:/OCaml64/home/magnu/OCamlProject/PS1Compiler/psyqsdk/psyq/lib\libapi.a(c68.o)
 .note          0x00000414       0x74 C:/OCaml64/home/magnu/OCamlProject/PS1Compiler/psyqsdk/psyq/lib\libapi.a(chclrpad.o)
 .note          0x00000488       0x74 C:/OCaml64/home/magnu/OCamlProject/PS1Compiler/psyqsdk/psyq/lib\libapi.a(l02.o)
 .note          0x000004fc       0x74 C:/OCaml64/home/magnu/OCamlProject/PS1Compiler/psyqsdk/psyq/lib\libapi.a(l03.o)
 .note          0x00000570       0x74 C:/OCaml64/home/magnu/OCamlProject/PS1Compiler/psyqsdk/psyq/lib\libetc.a(vsync.o)
 .note          0x000005e4       0x74 C:/OCaml64/home/magnu/OCamlProject/PS1Compiler/psyqsdk/psyq/lib\libetc.a(intr_vb.o)
 .note          0x00000658       0x74 C:/OCaml64/home/magnu/OCamlProject/PS1Compiler/psyqsdk/psyq/lib\libetc.a(intr.o)
 .note          0x000006cc       0x74 C:/OCaml64/home/magnu/OCamlProject/PS1Compiler/psyqsdk/psyq/lib\libetc.a(intr_dma.o)
 .note          0x00000740       0x74 C:/OCaml64/home/magnu/OCamlProject/PS1Compiler/psyqsdk/psyq/lib\libgpu.a(e03.o)
 .note          0x000007b4       0x74 C:/OCaml64/home/magnu/OCamlProject/PS1Compiler/psyqsdk/psyq/lib\libgpu.a(e04.o)
 .note          0x00000828       0x74 C:/OCaml64/home/magnu/OCamlProject/PS1Compiler/psyqsdk/psyq/lib\libgpu.a(font.o)
 .note          0x0000089c       0x74 C:/OCaml64/home/magnu/OCamlProject/PS1Compiler/psyqsdk/psyq/lib\libgpu.a(p06.o)
 .note          0x00000910       0x74 C:/OCaml64/home/magnu/OCamlProject/PS1Compiler/psyqsdk/psyq/lib\libgpu.a(p09.o)
 .note          0x00000984       0x74 C:/OCaml64/home/magnu/OCamlProject/PS1Compiler/psyqsdk/psyq/lib\libgpu.a(p10.o)
 .note          0x000009f8       0x74 C:/OCaml64/home/magnu/OCamlProject/PS1Compiler/psyqsdk/psyq/lib\libgpu.a(p20.o)
 .note          0x00000a6c       0x74 C:/OCaml64/home/magnu/OCamlProject/PS1Compiler/psyqsdk/psyq/lib\libgpu.a(p26.o)
 .note          0x00000ae0       0x74 C:/OCaml64/home/magnu/OCamlProject/PS1Compiler/psyqsdk/psyq/lib\libgpu.a(p41.o)
 .note          0x00000b54       0x74 C:/OCaml64/home/magnu/OCamlProject/PS1Compiler/psyqsdk/psyq/lib\libgpu.a(sys.o)
 .note          0x00000bc8       0x74 C:/OCaml64/home/magnu/OCamlProject/PS1Compiler/psyqsdk/psyq/lib\libgpu.a(e00.o)
 .note          0x00000c3c       0x74 C:/OCaml64/home/magnu/OCamlProject/PS1Compiler/psyqsdk/psyq/lib\libgpu.a(e02.o)
 .note          0x00000cb0       0x74 C:/OCaml64/home/magnu/OCamlProject/PS1Compiler/psyqsdk/psyq/lib\libgpu.a(p00.o)
 .note          0x00000d24       0x74 C:/OCaml64/home/magnu/OCamlProject/PS1Compiler/psyqsdk/psyq/lib\libgpu.a(p01.o)
 .note          0x00000d98       0x74 C:/OCaml64/home/magnu/OCamlProject/PS1Compiler/psyqsdk/psyq/lib\libapi.a(a23.o)
 .note          0x00000e0c       0x74 C:/OCaml64/home/magnu/OCamlProject/PS1Compiler/psyqsdk/psyq/lib\libapi.a(a24.o)
 .note          0x00000e80       0x74 C:/OCaml64/home/magnu/OCamlProject/PS1Compiler/psyqsdk/psyq/lib\libapi.a(a25.o)
 .note          0x00000ef4       0x74 C:/OCaml64/home/magnu/OCamlProject/PS1Compiler/psyqsdk/psyq/lib\libapi.a(c114.o)
 .note          0x00000f68       0x74 C:/OCaml64/home/magnu/OCamlProject/PS1Compiler/psyqsdk/psyq/lib\libapi.a(c73.o)
 .note          0x00000fdc       0x74 C:/OCaml64/home/magnu/OCamlProject/PS1Compiler/psyqsdk/psyq/lib\libapi.a(l10.o)
 .note          0x00001050       0x74 C:/OCaml64/home/magnu/OCamlProject/PS1Compiler/psyqsdk/psyq/lib\libc.a(a63.o)
 .note          0x000010c4       0x74 C:/OCaml64/home/magnu/OCamlProject/PS1Compiler/psyqsdk/psyq/lib\libc.a(c19.o)
 .note          0x00001138       0x74 C:/OCaml64/home/magnu/OCamlProject/PS1Compiler/psyqsdk/psyq/lib\libc.a(c27.o)
 .note          0x000011ac       0x74 C:/OCaml64/home/magnu/OCamlProject/PS1Compiler/psyqsdk/psyq/lib\libc.a(c42.o)
 .note          0x00001220       0x74 C:/OCaml64/home/magnu/OCamlProject/PS1Compiler/psyqsdk/psyq/lib\libc.a(c43.o)
 .note          0x00001294       0x74 C:/OCaml64/home/magnu/OCamlProject/PS1Compiler/psyqsdk/psyq/lib\libc.a(c63.o)
 .note          0x00001308       0x74 C:/OCaml64/home/magnu/OCamlProject/PS1Compiler/psyqsdk/psyq/lib\libetc.a(vmode.o)

.debug_info     0x00000000      0xc48
 .debug_info    0x00000000      0xc24 compile/c_output/output_code3.o
 .debug_info    0x00000c24       0x24 C:/OCaml64/home/magnu/OCamlProject/PS1Compiler/psyqsdk/thirdparty/nugget/common/crt0/crt0.o

.debug_abbrev   0x00000000      0x30e
 .debug_abbrev  0x00000000      0x2fa compile/c_output/output_code3.o
 .debug_abbrev  0x000002fa       0x14 C:/OCaml64/home/magnu/OCamlProject/PS1Compiler/psyqsdk/thirdparty/nugget/common/crt0/crt0.o

.debug_loclists
                0x00000000      0x29a
 .debug_loclists
                0x00000000      0x29a compile/c_output/output_code3.o

.debug_aranges  0x00000000       0x70
 .debug_aranges
                0x00000000       0x50 compile/c_output/output_code3.o
 .debug_aranges
                0x00000050       0x20 C:/OCaml64/home/magnu/OCamlProject/PS1Compiler/psyqsdk/thirdparty/nugget/common/crt0/crt0.o

.debug_rnglists
                0x00000000       0x47
 .debug_rnglists
                0x00000000       0x47 compile/c_output/output_code3.o

.debug_line     0x00000000      0x3ff
 .debug_line    0x00000000      0x3a4 compile/c_output/output_code3.o
 .debug_line    0x000003a4       0x5b C:/OCaml64/home/magnu/OCamlProject/PS1Compiler/psyqsdk/thirdparty/nugget/common/crt0/crt0.o

.debug_str      0x00000000      0x43e
 .debug_str     0x00000000      0x43e compile/c_output/output_code3.o
                                0x415 (size before relaxing)
 .debug_str     0x0000043e       0x97 C:/OCaml64/home/magnu/OCamlProject/PS1Compiler/psyqsdk/thirdparty/nugget/common/crt0/crt0.o

.debug_frame    0x00000000       0xb4
 .debug_frame   0x00000000       0xb4 compile/c_output/output_code3.o

.debug_line_str
                0x00000000       0x8b
 .debug_line_str
                0x00000000       0x8b C:/OCaml64/home/magnu/OCamlProject/PS1Compiler/psyqsdk/thirdparty/nugget/common/crt0/crt0.o
