Archive member included to satisfy reference by file (symbol)

C:/Users/Tue/Documents/GitHub/PS1Compiler/psyqsdk/psyq/lib\libapi.a(a91.o)
                              compile/c_output/output_code.psx.o (ChangeClearPAD)
C:/Users/Tue/Documents/GitHub/PS1Compiler/psyqsdk/psyq/lib\libapi.a(pad.o)
                              compile/c_output/output_code.psx.o (InitPAD)
C:/Users/Tue/Documents/GitHub/PS1Compiler/psyqsdk/psyq/lib\libapi.a(patch.o)
                              C:/Users/Tue/Documents/GitHub/PS1Compiler/psyqsdk/psyq/lib\libapi.a(pad.o) (_patch_pad)
C:/Users/Tue/Documents/GitHub/PS1Compiler/psyqsdk/psyq/lib\libapi.a(a18.o)
                              C:/Users/Tue/Documents/GitHub/PS1Compiler/psyqsdk/psyq/lib\libapi.a(pad.o) (InitPAD2)
C:/Users/Tue/Documents/GitHub/PS1Compiler/psyqsdk/psyq/lib\libapi.a(a19.o)
                              C:/Users/Tue/Documents/GitHub/PS1Compiler/psyqsdk/psyq/lib\libapi.a(pad.o) (StartPAD2)
C:/Users/Tue/Documents/GitHub/PS1Compiler/psyqsdk/psyq/lib\libapi.a(a21.o)
                              C:/Users/Tue/Documents/GitHub/PS1Compiler/psyqsdk/psyq/lib\libapi.a(pad.o) (PAD_init2)
C:/Users/Tue/Documents/GitHub/PS1Compiler/psyqsdk/psyq/lib\libapi.a(a36.o)
                              C:/Users/Tue/Documents/GitHub/PS1Compiler/psyqsdk/psyq/lib\libapi.a(pad.o) (EnterCriticalSection)
C:/Users/Tue/Documents/GitHub/PS1Compiler/psyqsdk/psyq/lib\libapi.a(a37.o)
                              C:/Users/Tue/Documents/GitHub/PS1Compiler/psyqsdk/psyq/lib\libapi.a(pad.o) (ExitCriticalSection)
C:/Users/Tue/Documents/GitHub/PS1Compiler/psyqsdk/psyq/lib\libapi.a(c68.o)
                              C:/Users/Tue/Documents/GitHub/PS1Compiler/psyqsdk/psyq/lib\libapi.a(patch.o) (FlushCache)
C:/Users/Tue/Documents/GitHub/PS1Compiler/psyqsdk/psyq/lib\libapi.a(chclrpad.o)
                              C:/Users/Tue/Documents/GitHub/PS1Compiler/psyqsdk/psyq/lib\libapi.a(pad.o) (_remove_ChgclrPAD)
C:/Users/Tue/Documents/GitHub/PS1Compiler/psyqsdk/psyq/lib\libapi.a(l02.o)
                              C:/Users/Tue/Documents/GitHub/PS1Compiler/psyqsdk/psyq/lib\libapi.a(pad.o) (SysEnqIntRP)
C:/Users/Tue/Documents/GitHub/PS1Compiler/psyqsdk/psyq/lib\libapi.a(l03.o)
                              C:/Users/Tue/Documents/GitHub/PS1Compiler/psyqsdk/psyq/lib\libapi.a(pad.o) (SysDeqIntRP)
C:/Users/Tue/Documents/GitHub/PS1Compiler/psyqsdk/psyq/lib\libetc.a(vsync.o)
                              compile/c_output/output_code.psx.o (VSync)
C:/Users/Tue/Documents/GitHub/PS1Compiler/psyqsdk/psyq/lib\libetc.a(intr_vb.o)
                              C:/Users/Tue/Documents/GitHub/PS1Compiler/psyqsdk/psyq/lib\libetc.a(vsync.o) (Vcount)
C:/Users/Tue/Documents/GitHub/PS1Compiler/psyqsdk/psyq/lib\libetc.a(intr.o)
                              C:/Users/Tue/Documents/GitHub/PS1Compiler/psyqsdk/psyq/lib\libetc.a(intr_vb.o) (InterruptCallback)
C:/Users/Tue/Documents/GitHub/PS1Compiler/psyqsdk/psyq/lib\libetc.a(intr_dma.o)
                              C:/Users/Tue/Documents/GitHub/PS1Compiler/psyqsdk/psyq/lib\libetc.a(intr.o) (startIntrDMA)
C:/Users/Tue/Documents/GitHub/PS1Compiler/psyqsdk/psyq/lib\libgpu.a(e03.o)
                              compile/c_output/output_code.psx.o (SetDefDrawEnv)
C:/Users/Tue/Documents/GitHub/PS1Compiler/psyqsdk/psyq/lib\libgpu.a(e04.o)
                              compile/c_output/output_code.psx.o (SetDefDispEnv)
C:/Users/Tue/Documents/GitHub/PS1Compiler/psyqsdk/psyq/lib\libgpu.a(font.o)
                              compile/c_output/output_code.psx.o (FntOpen)
C:/Users/Tue/Documents/GitHub/PS1Compiler/psyqsdk/psyq/lib\libgpu.a(p06.o)
                              C:/Users/Tue/Documents/GitHub/PS1Compiler/psyqsdk/psyq/lib\libgpu.a(font.o) (AddPrim)
C:/Users/Tue/Documents/GitHub/PS1Compiler/psyqsdk/psyq/lib\libgpu.a(p09.o)
                              C:/Users/Tue/Documents/GitHub/PS1Compiler/psyqsdk/psyq/lib\libgpu.a(font.o) (TermPrim)
C:/Users/Tue/Documents/GitHub/PS1Compiler/psyqsdk/psyq/lib\libgpu.a(p10.o)
                              C:/Users/Tue/Documents/GitHub/PS1Compiler/psyqsdk/psyq/lib\libgpu.a(font.o) (SetSemiTrans)
C:/Users/Tue/Documents/GitHub/PS1Compiler/psyqsdk/psyq/lib\libgpu.a(p20.o)
                              C:/Users/Tue/Documents/GitHub/PS1Compiler/psyqsdk/psyq/lib\libgpu.a(font.o) (SetSprt8)
C:/Users/Tue/Documents/GitHub/PS1Compiler/psyqsdk/psyq/lib\libgpu.a(p26.o)
                              C:/Users/Tue/Documents/GitHub/PS1Compiler/psyqsdk/psyq/lib\libgpu.a(font.o) (SetTile)
C:/Users/Tue/Documents/GitHub/PS1Compiler/psyqsdk/psyq/lib\libgpu.a(p41.o)
                              C:/Users/Tue/Documents/GitHub/PS1Compiler/psyqsdk/psyq/lib\libgpu.a(font.o) (SetDrawMode)
C:/Users/Tue/Documents/GitHub/PS1Compiler/psyqsdk/psyq/lib\libgpu.a(sys.o)
                              compile/c_output/output_code.psx.o (ResetGraph)
C:/Users/Tue/Documents/GitHub/PS1Compiler/psyqsdk/psyq/lib\libgpu.a(e00.o)
                              C:/Users/Tue/Documents/GitHub/PS1Compiler/psyqsdk/psyq/lib\libgpu.a(font.o) (LoadTPage)
C:/Users/Tue/Documents/GitHub/PS1Compiler/psyqsdk/psyq/lib\libgpu.a(e02.o)
                              C:/Users/Tue/Documents/GitHub/PS1Compiler/psyqsdk/psyq/lib\libgpu.a(font.o) (LoadClut2)
C:/Users/Tue/Documents/GitHub/PS1Compiler/psyqsdk/psyq/lib\libgpu.a(p00.o)
                              C:/Users/Tue/Documents/GitHub/PS1Compiler/psyqsdk/psyq/lib\libgpu.a(e00.o) (GetTPage)
C:/Users/Tue/Documents/GitHub/PS1Compiler/psyqsdk/psyq/lib\libgpu.a(p01.o)
                              C:/Users/Tue/Documents/GitHub/PS1Compiler/psyqsdk/psyq/lib\libgpu.a(e02.o) (GetClut)
C:/Users/Tue/Documents/GitHub/PS1Compiler/psyqsdk/psyq/lib\libapi.a(a23.o)
                              C:/Users/Tue/Documents/GitHub/PS1Compiler/psyqsdk/psyq/lib\libetc.a(intr.o) (ReturnFromException)
C:/Users/Tue/Documents/GitHub/PS1Compiler/psyqsdk/psyq/lib\libapi.a(a24.o)
                              C:/Users/Tue/Documents/GitHub/PS1Compiler/psyqsdk/psyq/lib\libetc.a(intr.o) (ResetEntryInt)
C:/Users/Tue/Documents/GitHub/PS1Compiler/psyqsdk/psyq/lib\libapi.a(a25.o)
                              C:/Users/Tue/Documents/GitHub/PS1Compiler/psyqsdk/psyq/lib\libetc.a(intr.o) (HookEntryInt)
C:/Users/Tue/Documents/GitHub/PS1Compiler/psyqsdk/psyq/lib\libapi.a(c114.o)
                              C:/Users/Tue/Documents/GitHub/PS1Compiler/psyqsdk/psyq/lib\libetc.a(intr.o) (_96_remove)
C:/Users/Tue/Documents/GitHub/PS1Compiler/psyqsdk/psyq/lib\libapi.a(c73.o)
                              C:/Users/Tue/Documents/GitHub/PS1Compiler/psyqsdk/psyq/lib\libgpu.a(sys.o) (GPU_cw)
C:/Users/Tue/Documents/GitHub/PS1Compiler/psyqsdk/psyq/lib\libapi.a(l10.o)
                              C:/Users/Tue/Documents/GitHub/PS1Compiler/psyqsdk/psyq/lib\libetc.a(vsync.o) (ChangeClearRCnt)
C:/Users/Tue/Documents/GitHub/PS1Compiler/psyqsdk/psyq/lib\libc.a(a63.o)
                              C:/Users/Tue/Documents/GitHub/PS1Compiler/psyqsdk/psyq/lib\libetc.a(vsync.o) (puts)
C:/Users/Tue/Documents/GitHub/PS1Compiler/psyqsdk/psyq/lib\libc.a(c19.o)
                              C:/Users/Tue/Documents/GitHub/PS1Compiler/psyqsdk/psyq/lib\libetc.a(intr.o) (setjmp)
C:/Users/Tue/Documents/GitHub/PS1Compiler/psyqsdk/psyq/lib\libc.a(c27.o)
                              C:/Users/Tue/Documents/GitHub/PS1Compiler/psyqsdk/psyq/lib\libgpu.a(font.o) (strlen)
C:/Users/Tue/Documents/GitHub/PS1Compiler/psyqsdk/psyq/lib\libc.a(c42.o)
                              C:/Users/Tue/Documents/GitHub/PS1Compiler/psyqsdk/psyq/lib\libgpu.a(sys.o) (memcpy)
C:/Users/Tue/Documents/GitHub/PS1Compiler/psyqsdk/psyq/lib\libc.a(c43.o)
                              C:/Users/Tue/Documents/GitHub/PS1Compiler/psyqsdk/psyq/lib\libgpu.a(font.o) (memset)
C:/Users/Tue/Documents/GitHub/PS1Compiler/psyqsdk/psyq/lib\libc.a(c63.o)
                              C:/Users/Tue/Documents/GitHub/PS1Compiler/psyqsdk/psyq/lib\libetc.a(intr.o) (printf)
C:/Users/Tue/Documents/GitHub/PS1Compiler/psyqsdk/psyq/lib\libetc.a(vmode.o)
                              C:/Users/Tue/Documents/GitHub/PS1Compiler/psyqsdk/psyq/lib\libgpu.a(e03.o) (GetVideoMode)

Discarded input sections

 .text          0x0000000000000000        0x0 compile/c_output/output_code.psx.o
 .MIPS.abiflags
                0x0000000000000000       0x18 compile/c_output/output_code.psx.o
 .pdr           0x0000000000000000       0xc0 compile/c_output/output_code.psx.o
 .text.initializeEngine
                0x0000000000000000        0x8 compile/c_output/output_code.psx.o
 .text          0x0000000000000000        0x0 C:/Users/Tue/Documents/GitHub/PS1Compiler/psyqsdk/thirdparty/nugget/common/crt0/crt0.o
 .data          0x0000000000000000        0x0 C:/Users/Tue/Documents/GitHub/PS1Compiler/psyqsdk/thirdparty/nugget/common/crt0/crt0.o
 .bss           0x0000000000000000        0x0 C:/Users/Tue/Documents/GitHub/PS1Compiler/psyqsdk/thirdparty/nugget/common/crt0/crt0.o
 .reginfo       0x0000000000000000       0x18 C:/Users/Tue/Documents/GitHub/PS1Compiler/psyqsdk/thirdparty/nugget/common/crt0/crt0.o
 .MIPS.abiflags
                0x0000000000000000       0x18 C:/Users/Tue/Documents/GitHub/PS1Compiler/psyqsdk/thirdparty/nugget/common/crt0/crt0.o
 .text          0x0000000000000000        0x0 C:/Users/Tue/Documents/GitHub/PS1Compiler/psyqsdk/thirdparty/nugget/common/syscalls/printf.o
 .data          0x0000000000000000        0x0 C:/Users/Tue/Documents/GitHub/PS1Compiler/psyqsdk/thirdparty/nugget/common/syscalls/printf.o
 .bss           0x0000000000000000        0x0 C:/Users/Tue/Documents/GitHub/PS1Compiler/psyqsdk/thirdparty/nugget/common/syscalls/printf.o
 .reginfo       0x0000000000000000       0x18 C:/Users/Tue/Documents/GitHub/PS1Compiler/psyqsdk/thirdparty/nugget/common/syscalls/printf.o
 .MIPS.abiflags
                0x0000000000000000       0x18 C:/Users/Tue/Documents/GitHub/PS1Compiler/psyqsdk/thirdparty/nugget/common/syscalls/printf.o
 .pdr           0x0000000000000000        0x0 C:/Users/Tue/Documents/GitHub/PS1Compiler/psyqsdk/thirdparty/nugget/common/syscalls/printf.o
 .ramtext       0x0000000000000000        0xc C:/Users/Tue/Documents/GitHub/PS1Compiler/psyqsdk/thirdparty/nugget/common/syscalls/printf.o
 .debug_line    0x0000000000000000       0x4b C:/Users/Tue/Documents/GitHub/PS1Compiler/psyqsdk/thirdparty/nugget/common/syscalls/printf.o
 .debug_line_str
                0x0000000000000000       0xa4 C:/Users/Tue/Documents/GitHub/PS1Compiler/psyqsdk/thirdparty/nugget/common/syscalls/printf.o
 .debug_info    0x0000000000000000       0x24 C:/Users/Tue/Documents/GitHub/PS1Compiler/psyqsdk/thirdparty/nugget/common/syscalls/printf.o
 .debug_abbrev  0x0000000000000000       0x14 C:/Users/Tue/Documents/GitHub/PS1Compiler/psyqsdk/thirdparty/nugget/common/syscalls/printf.o
 .debug_aranges
                0x0000000000000000       0x20 C:/Users/Tue/Documents/GitHub/PS1Compiler/psyqsdk/thirdparty/nugget/common/syscalls/printf.o
 .debug_str     0x0000000000000000       0x47 C:/Users/Tue/Documents/GitHub/PS1Compiler/psyqsdk/thirdparty/nugget/common/syscalls/printf.o
 .gnu.attributes
                0x0000000000000000       0x10 C:/Users/Tue/Documents/GitHub/PS1Compiler/psyqsdk/thirdparty/nugget/common/syscalls/printf.o

Memory Configuration

Name             Origin             Length             Attributes
loader           0x000000008000f800 0x0000000000000800
ram              0x0000000080010000 0x00000000001f0000 xrw
dcache           0x000000001f800000 0x0000000000000400
*default*        0x0000000000000000 0xffffffffffffffff

Linker script and memory map

LOAD compile/c_output/output_code.psx.o
LOAD C:/Users/Tue/Documents/GitHub/PS1Compiler/psyqsdk/thirdparty/nugget/common/crt0/crt0.o
LOAD C:/Users/Tue/Documents/GitHub/PS1Compiler/psyqsdk/thirdparty/nugget/common/syscalls/printf.o
START GROUP
LOAD C:/Users/Tue/Documents/GitHub/PS1Compiler/psyqsdk/psyq/lib\libapi.a
LOAD C:/Users/Tue/Documents/GitHub/PS1Compiler/psyqsdk/psyq/lib\libc.a
LOAD C:/Users/Tue/Documents/GitHub/PS1Compiler/psyqsdk/psyq/lib\libc2.a
LOAD C:/Users/Tue/Documents/GitHub/PS1Compiler/psyqsdk/psyq/lib\libcard.a
LOAD C:/Users/Tue/Documents/GitHub/PS1Compiler/psyqsdk/psyq/lib\libcomb.a
LOAD C:/Users/Tue/Documents/GitHub/PS1Compiler/psyqsdk/psyq/lib\libds.a
LOAD C:/Users/Tue/Documents/GitHub/PS1Compiler/psyqsdk/psyq/lib\libetc.a
LOAD C:/Users/Tue/Documents/GitHub/PS1Compiler/psyqsdk/psyq/lib\libgpu.a
LOAD C:/Users/Tue/Documents/GitHub/PS1Compiler/psyqsdk/psyq/lib\libgs.a
LOAD C:/Users/Tue/Documents/GitHub/PS1Compiler/psyqsdk/psyq/lib\libgte.a
LOAD C:/Users/Tue/Documents/GitHub/PS1Compiler/psyqsdk/psyq/lib\libgun.a
LOAD C:/Users/Tue/Documents/GitHub/PS1Compiler/psyqsdk/psyq/lib\libhmd.a
LOAD C:/Users/Tue/Documents/GitHub/PS1Compiler/psyqsdk/psyq/lib\libmath.a
LOAD C:/Users/Tue/Documents/GitHub/PS1Compiler/psyqsdk/psyq/lib\libmcrd.a
LOAD C:/Users/Tue/Documents/GitHub/PS1Compiler/psyqsdk/psyq/lib\libmcx.a
LOAD C:/Users/Tue/Documents/GitHub/PS1Compiler/psyqsdk/psyq/lib\libpad.a
LOAD C:/Users/Tue/Documents/GitHub/PS1Compiler/psyqsdk/psyq/lib\libpress.a
LOAD C:/Users/Tue/Documents/GitHub/PS1Compiler/psyqsdk/psyq/lib\libsio.a
LOAD C:/Users/Tue/Documents/GitHub/PS1Compiler/psyqsdk/psyq/lib\libsnd.a
LOAD C:/Users/Tue/Documents/GitHub/PS1Compiler/psyqsdk/psyq/lib\libspu.a
LOAD C:/Users/Tue/Documents/GitHub/PS1Compiler/psyqsdk/psyq/lib\libtap.a
LOAD C:/Users/Tue/Documents/GitHub/PS1Compiler/psyqsdk/psyq/lib\libcd.a
END GROUP
                0x000000008002d600                __heap_base = __bss_end
                0x0000000080010000                TLOAD_ADDR = DEFINED (TLOAD_ADDR)?TLOAD_ADDR:0x80010000
                0x0000000080200000                __ram_top = (ORIGIN (ram) + LENGTH (ram))
                0x00000000801fff00                __sp = (__ram_top - 0x100)
                0x000000001f800000                __dcache = ORIGIN (dcache)
                0x000000001f800400                __dcache_top = (ORIGIN (dcache) + LENGTH (dcache))
                0x0000000000015e00                __bss_len = (__bss_end - __bss_start)
                0x00000000000053b0                __ftext_len = (__ftext_end - __ftext_start)
                0x0000000000002450                __fdata_len = (__fdata_end - __fdata_start)
                0x0000000080200000                __stack_start = (ORIGIN (ram) + LENGTH (ram))

.PSX_EXE_Header
                0x000000008000f800      0x800
                0x000000008000f800        0x1 BYTE 0x50
                0x000000008000f801        0x1 BYTE 0x53
                0x000000008000f802        0x1 BYTE 0x2d
                0x000000008000f803        0x1 BYTE 0x58
                0x000000008000f804        0x1 BYTE 0x20
                0x000000008000f805        0x1 BYTE 0x45
                0x000000008000f806        0x1 BYTE 0x58
                0x000000008000f807        0x1 BYTE 0x45
                0x000000008000f808        0x4 LONG 0x0
                0x000000008000f80c        0x4 LONG 0x0
                0x000000008000f810        0x4 LONG 0x80010000 ABSOLUTE (_start)
                0x000000008000f814        0x4 LONG 0x0
                0x000000008000f818        0x4 LONG 0x80010000 TLOAD_ADDR
                0x000000008000f81c        0x4 LONG 0x7800 (__ftext_len + __fdata_len)
                0x000000008000f820        0x4 LONG 0x0
                0x000000008000f824        0x4 LONG 0x0
                0x000000008000f828        0x4 LONG 0x0
                0x000000008000f82c        0x4 LONG 0x0
                0x000000008000f830        0x4 LONG 0x801fff00 DEFINED (_sp)?ABSOLUTE (_sp):0x801fff00
                0x000000008000f834        0x4 LONG 0x0
                0x0000000080010000                . = (. + 0x7c8)
 *fill*         0x000000008000f838      0x7c8 
                0x0000000080010000                __ftext_start = ABSOLUTE (.)

.text           0x0000000080010000     0x53b0
 *(.start)
 .start         0x0000000080010000       0x64 C:/Users/Tue/Documents/GitHub/PS1Compiler/psyqsdk/thirdparty/nugget/common/crt0/crt0.o
                0x0000000080010000                _start
 *(.init)
 *(SORT_NONE(.fini))
 *(.text.unlikely .text.*_unlikely .text.unlikely.*)
 *(.text.exit .text.exit.*)
 *(.text.startup .text.startup.*)
 .text.startup.main
                0x0000000080010064       0xb4 compile/c_output/output_code.psx.o
                0x0000000080010064                main
 *(.text.hot .text.hot.*)
 *(.text .stub .text.* .gnu.linkonce.t.*)
 .text.init     0x0000000080010118      0x134 compile/c_output/output_code.psx.o
                0x0000000080010118                init
 .text.display  0x000000008001024c       0xb8 compile/c_output/output_code.psx.o
                0x000000008001024c                display
 .text.renderGameObject
                0x0000000080010304       0xd8 compile/c_output/output_code.psx.o
                0x0000000080010304                renderGameObject
 .text.initializeCar
                0x00000000800103dc       0x4c compile/c_output/output_code.psx.o
                0x00000000800103dc                initializeCar
 .text          0x0000000080010428       0x10 C:/Users/Tue/Documents/GitHub/PS1Compiler/psyqsdk/psyq/lib\libapi.a(a91.o)
                0x0000000080010428                ChangeClearPAD
 .text          0x0000000080010438      0x290 C:/Users/Tue/Documents/GitHub/PS1Compiler/psyqsdk/psyq/lib\libapi.a(pad.o)
                0x0000000080010438                SetInitPadFlag
                0x0000000080010444                ReadInitPadFlag
                0x0000000080010454                PAD_init
                0x00000000800104e4                InitPAD
                0x0000000080010574                StartPAD
 .text          0x00000000800106c8       0xa0 C:/Users/Tue/Documents/GitHub/PS1Compiler/psyqsdk/psyq/lib\libapi.a(patch.o)
                0x00000000800106c8                EnablePAD
                0x00000000800106dc                DisablePAD
                0x00000000800106f0                _patch_pad
 .text          0x0000000080010768       0x10 C:/Users/Tue/Documents/GitHub/PS1Compiler/psyqsdk/psyq/lib\libapi.a(a18.o)
                0x0000000080010768                InitPAD2
 .text          0x0000000080010778       0x10 C:/Users/Tue/Documents/GitHub/PS1Compiler/psyqsdk/psyq/lib\libapi.a(a19.o)
                0x0000000080010778                StartPAD2
 .text          0x0000000080010788       0x10 C:/Users/Tue/Documents/GitHub/PS1Compiler/psyqsdk/psyq/lib\libapi.a(a21.o)
                0x0000000080010788                PAD_init2
 .text          0x0000000080010798       0x10 C:/Users/Tue/Documents/GitHub/PS1Compiler/psyqsdk/psyq/lib\libapi.a(a36.o)
                0x0000000080010798                EnterCriticalSection
 .text          0x00000000800107a8       0x10 C:/Users/Tue/Documents/GitHub/PS1Compiler/psyqsdk/psyq/lib\libapi.a(a37.o)
                0x00000000800107a8                ExitCriticalSection
 .text          0x00000000800107b8       0x10 C:/Users/Tue/Documents/GitHub/PS1Compiler/psyqsdk/psyq/lib\libapi.a(c68.o)
                0x00000000800107b8                FlushCache
 .text          0x00000000800107c8       0x70 C:/Users/Tue/Documents/GitHub/PS1Compiler/psyqsdk/psyq/lib\libapi.a(chclrpad.o)
                0x00000000800107c8                _remove_ChgclrPAD
 .text          0x0000000080010838       0x10 C:/Users/Tue/Documents/GitHub/PS1Compiler/psyqsdk/psyq/lib\libapi.a(l02.o)
                0x0000000080010838                SysEnqIntRP
 .text          0x0000000080010848       0x10 C:/Users/Tue/Documents/GitHub/PS1Compiler/psyqsdk/psyq/lib\libapi.a(l03.o)
                0x0000000080010848                SysDeqIntRP
 .text          0x0000000080010858      0x210 C:/Users/Tue/Documents/GitHub/PS1Compiler/psyqsdk/psyq/lib\libetc.a(vsync.o)
                0x0000000080010858                VSync
 .text          0x0000000080010a68      0x120 C:/Users/Tue/Documents/GitHub/PS1Compiler/psyqsdk/psyq/lib\libetc.a(intr_vb.o)
                0x0000000080010a68                startIntrVSync
 .text          0x0000000080010b88      0x6c0 C:/Users/Tue/Documents/GitHub/PS1Compiler/psyqsdk/psyq/lib\libetc.a(intr.o)
                0x0000000080010b88                ResetCallback
                0x0000000080010bb8                InterruptCallback
                0x0000000080010be8                DMACallback
                0x0000000080010c18                VSyncCallback
                0x0000000080010c4c                VSyncCallbacks
                0x0000000080010c7c                StopCallback
                0x0000000080010cac                RestartCallback
                0x0000000080010cdc                CheckCallback
                0x0000000080010cec                GetIntrMask
                0x0000000080010d04                SetIntrMask
 .text          0x0000000080011248      0x2a0 C:/Users/Tue/Documents/GitHub/PS1Compiler/psyqsdk/psyq/lib\libetc.a(intr_dma.o)
                0x0000000080011248                startIntrDMA
 .text          0x00000000800114e8       0xc0 C:/Users/Tue/Documents/GitHub/PS1Compiler/psyqsdk/psyq/lib\libgpu.a(e03.o)
                0x00000000800114e8                SetDefDrawEnv
 .text          0x00000000800115a8       0x40 C:/Users/Tue/Documents/GitHub/PS1Compiler/psyqsdk/psyq/lib\libgpu.a(e04.o)
                0x00000000800115a8                SetDefDispEnv
 .text          0x00000000800115e8      0xa80 C:/Users/Tue/Documents/GitHub/PS1Compiler/psyqsdk/psyq/lib\libgpu.a(font.o)
                0x00000000800115e8                SetDumpFnt
                0x0000000080011628                FntLoad
                0x00000000800116c8                FntOpen
                0x0000000080011984                FntFlush
                0x0000000080011ca0                FntPrint
 .text          0x0000000080012068       0x40 C:/Users/Tue/Documents/GitHub/PS1Compiler/psyqsdk/psyq/lib\libgpu.a(p06.o)
                0x0000000080012068                AddPrim
 .text          0x00000000800120a8       0x20 C:/Users/Tue/Documents/GitHub/PS1Compiler/psyqsdk/psyq/lib\libgpu.a(p09.o)
                0x00000000800120a8                TermPrim
 .text          0x00000000800120c8       0x30 C:/Users/Tue/Documents/GitHub/PS1Compiler/psyqsdk/psyq/lib\libgpu.a(p10.o)
                0x00000000800120c8                SetSemiTrans
 .text          0x00000000800120f8       0x20 C:/Users/Tue/Documents/GitHub/PS1Compiler/psyqsdk/psyq/lib\libgpu.a(p20.o)
                0x00000000800120f8                SetSprt8
 .text          0x0000000080012118       0x20 C:/Users/Tue/Documents/GitHub/PS1Compiler/psyqsdk/psyq/lib\libgpu.a(p26.o)
                0x0000000080012118                SetTile
 .text          0x0000000080012138       0xa0 C:/Users/Tue/Documents/GitHub/PS1Compiler/psyqsdk/psyq/lib\libgpu.a(p41.o)
                0x0000000080012138                SetDrawMode
 .text          0x00000000800121d8     0x2f00 C:/Users/Tue/Documents/GitHub/PS1Compiler/psyqsdk/psyq/lib\libgpu.a(sys.o)
                0x00000000800121d8                ResetGraph
                0x000000008001234c                SetGraphDebug
                0x00000000800123a8                SetGraphQueue
                0x000000008001244c                GetGraphDebug
                0x000000008001245c                DrawSyncCallback
                0x00000000800124bc                SetDispMask
                0x0000000080012554                DrawSync
                0x00000000800126d8                ClearImage
                0x0000000080012768                ClearImage2
                0x0000000080012800                LoadImage
                0x0000000080012860                StoreImage
                0x00000000800128c0                MoveImage
                0x0000000080012978                ClearOTag
                0x0000000080012a40                ClearOTagR
                0x0000000080012aec                DrawPrim
                0x0000000080012b48                DrawOTag
                0x0000000080012bb8                PutDrawEnv
                0x0000000080012c78                DrawOTagEnv
                0x0000000080012d50                GetDrawEnv
                0x0000000080012d84                PutDispEnv
                0x000000008001327c                GetDispEnv
                0x00000000800132b0                GetODE
                0x00000000800132e0                SetDrawArea
                0x0000000080013360                SetDrawOffset
                0x00000000800133a0                SetDrawEnv
                0x0000000080014c70                LoadImage2
                0x0000000080014d5c                StoreImage2
                0x0000000080014e48                MoveImage2
                0x0000000080014f8c                DrawOTag2
                0x0000000080015088                _GPU_ResetCallback
 .text          0x00000000800150d8       0xf0 C:/Users/Tue/Documents/GitHub/PS1Compiler/psyqsdk/psyq/lib\libgpu.a(e00.o)
                0x00000000800150d8                LoadTPage
 .text          0x00000000800151c8       0x70 C:/Users/Tue/Documents/GitHub/PS1Compiler/psyqsdk/psyq/lib\libgpu.a(e02.o)
                0x00000000800151c8                LoadClut2
 .text          0x0000000080015238       0x40 C:/Users/Tue/Documents/GitHub/PS1Compiler/psyqsdk/psyq/lib\libgpu.a(p00.o)
                0x0000000080015238                GetTPage
 .text          0x0000000080015278       0x20 C:/Users/Tue/Documents/GitHub/PS1Compiler/psyqsdk/psyq/lib\libgpu.a(p01.o)
                0x0000000080015278                GetClut
 .text          0x0000000080015298       0x10 C:/Users/Tue/Documents/GitHub/PS1Compiler/psyqsdk/psyq/lib\libapi.a(a23.o)
                0x0000000080015298                ReturnFromException
 .text          0x00000000800152a8       0x10 C:/Users/Tue/Documents/GitHub/PS1Compiler/psyqsdk/psyq/lib\libapi.a(a24.o)
                0x00000000800152a8                ResetEntryInt
 .text          0x00000000800152b8       0x10 C:/Users/Tue/Documents/GitHub/PS1Compiler/psyqsdk/psyq/lib\libapi.a(a25.o)
                0x00000000800152b8                HookEntryInt
 .text          0x00000000800152c8       0x20 C:/Users/Tue/Documents/GitHub/PS1Compiler/psyqsdk/psyq/lib\libapi.a(c114.o)
                0x00000000800152d0                _96_remove
 .text          0x00000000800152e8       0x10 C:/Users/Tue/Documents/GitHub/PS1Compiler/psyqsdk/psyq/lib\libapi.a(c73.o)
                0x00000000800152e8                GPU_cw
 .text          0x00000000800152f8       0x10 C:/Users/Tue/Documents/GitHub/PS1Compiler/psyqsdk/psyq/lib\libapi.a(l10.o)
                0x00000000800152f8                ChangeClearRCnt
 .text          0x0000000080015308       0x20 C:/Users/Tue/Documents/GitHub/PS1Compiler/psyqsdk/psyq/lib\libc.a(a63.o)
                0x0000000080015310                puts
 .text          0x0000000080015328       0x10 C:/Users/Tue/Documents/GitHub/PS1Compiler/psyqsdk/psyq/lib\libc.a(c19.o)
                0x0000000080015328                setjmp
 .text          0x0000000080015338       0x10 C:/Users/Tue/Documents/GitHub/PS1Compiler/psyqsdk/psyq/lib\libc.a(c27.o)
                0x0000000080015338                strlen
 .text          0x0000000080015348       0x10 C:/Users/Tue/Documents/GitHub/PS1Compiler/psyqsdk/psyq/lib\libc.a(c42.o)
                0x0000000080015348                memcpy
 .text          0x0000000080015358       0x10 C:/Users/Tue/Documents/GitHub/PS1Compiler/psyqsdk/psyq/lib\libc.a(c43.o)
                0x0000000080015358                memset
 .text          0x0000000080015368       0x10 C:/Users/Tue/Documents/GitHub/PS1Compiler/psyqsdk/psyq/lib\libc.a(c63.o)
                0x0000000080015368                printf
 .text          0x0000000080015378       0x30 C:/Users/Tue/Documents/GitHub/PS1Compiler/psyqsdk/psyq/lib\libetc.a(vmode.o)
                0x0000000080015378                SetVideoMode
                0x000000008001538c                GetVideoMode
                0x00000000800153b0                . = ALIGN (0x10)
 *fill*         0x00000000800153a8        0x8 
 *(.init)
                0x00000000800153b0                . = ALIGN (0x10)
 *(.fini)
                0x00000000800153b0                . = ALIGN (0x10)
                0x00000000800153b0                __text_end = .
                0x00000000800153b0                __ftext_end = ABSOLUTE (.)
                0x00000000800153b0                __fdata_start = ABSOLUTE (.)

.rodata         0x00000000800153b0      0x380
 *(.rodata .rodata.* .rdata .rdata.* .gnu.linkonce.r.*)
 .rodata        0x00000000800153b0       0x10 C:/Users/Tue/Documents/GitHub/PS1Compiler/psyqsdk/thirdparty/nugget/common/crt0/crt0.o
 .rdata         0x00000000800153c0       0x10 C:/Users/Tue/Documents/GitHub/PS1Compiler/psyqsdk/psyq/lib\libetc.a(vsync.o)
 .rdata         0x00000000800153d0       0x70 C:/Users/Tue/Documents/GitHub/PS1Compiler/psyqsdk/psyq/lib\libetc.a(intr.o)
 .rdata         0x0000000080015440       0x30 C:/Users/Tue/Documents/GitHub/PS1Compiler/psyqsdk/psyq/lib\libetc.a(intr_dma.o)
 .rdata         0x0000000080015470       0xa0 C:/Users/Tue/Documents/GitHub/PS1Compiler/psyqsdk/psyq/lib\libgpu.a(font.o)
 .rdata         0x0000000080015510      0x220 C:/Users/Tue/Documents/GitHub/PS1Compiler/psyqsdk/psyq/lib\libgpu.a(sys.o)
                0x0000000080015730                . = ALIGN (0x10)
                0x0000000080015730                __preinit_array_start = .
 *(.preinit_array)
                0x0000000080015730                __preinit_array_end = .
                0x0000000080015730                . = ALIGN (0x10)
                0x0000000080015730                __init_array_start = .
 *(SORT_BY_NAME(.init_array.*))
 *(.init_array)
                0x0000000080015730                . = ALIGN (0x10)
 *crtbegin.o(.ctors)
 *(EXCLUDE_FILE(*crtend.o) .ctors)
 *(SORT_BY_NAME(.ctors.*))
 *crtend.o(.ctors)
                0x0000000080015730                __init_array_end = .
                0x0000000080015730                . = ALIGN (0x10)
                0x0000000080015730                __fini_array_start = .
 *(.fini_array)
 *(SORT_BY_NAME(.fini_array.*))
 *crtbegin.o(.dtors)
 *(EXCLUDE_FILE(*crtend.o) .dtors)
 *(SORT_BY_NAME(.dtors.*))
 *crtend.o(.dtors)
                0x0000000080015730                __fini_array_end = .
                0x0000000080015730                __build_id = .
 *(.note.gnu.build-id)
                0x0000000080015730                __build_id_end = .

.rel.dyn        0x0000000080015730        0x0
 .rel.dyn       0x0000000080015730        0x0 C:/Users/Tue/Documents/GitHub/PS1Compiler/psyqsdk/psyq/lib\libgpu.a(sys.o)

.rodata1
 *(.rodata1)
                0x0000000080015730                __data_start = .

.data           0x0000000080015730     0x20d0
 *(.a0table)
 *(.data .data.* .gnu.linkonce.d.*)
 .data          0x0000000080015730       0x3c compile/c_output/output_code.psx.o
                0x0000000080015730                WHITE
                0x000000008001573c                YELLOW
                0x0000000080015748                GREEN
                0x0000000080015754                BLUE
                0x0000000080015760                RED
 *fill*         0x000000008001576c        0x4 
 .data          0x0000000080015770       0x10 C:/Users/Tue/Documents/GitHub/PS1Compiler/psyqsdk/psyq/lib\libapi.a(pad.o)
 .data          0x0000000080015780       0x20 C:/Users/Tue/Documents/GitHub/PS1Compiler/psyqsdk/psyq/lib\libetc.a(vsync.o)
                0x0000000080015790                Hcount
 .data          0x00000000800157a0       0x30 C:/Users/Tue/Documents/GitHub/PS1Compiler/psyqsdk/psyq/lib\libetc.a(intr_vb.o)
                0x00000000800157c0                Vcount
 .data          0x00000000800157d0     0x1100 C:/Users/Tue/Documents/GitHub/PS1Compiler/psyqsdk/psyq/lib\libetc.a(intr.o)
 .data          0x00000000800168d0       0x30 C:/Users/Tue/Documents/GitHub/PS1Compiler/psyqsdk/psyq/lib\libetc.a(intr_dma.o)
 .data          0x0000000080016900      0xb90 C:/Users/Tue/Documents/GitHub/PS1Compiler/psyqsdk/psyq/lib\libgpu.a(font.o)
                0x0000000080016900                Font
 .data          0x0000000080017490      0x1a0 C:/Users/Tue/Documents/GitHub/PS1Compiler/psyqsdk/psyq/lib\libgpu.a(sys.o)
                0x00000000800174dc                GPU_printf
                0x00000000800174e0                GEnv
                0x0000000080017608                _qin
                0x000000008001760c                _qout
 .data          0x0000000080017630       0x10 C:/Users/Tue/Documents/GitHub/PS1Compiler/psyqsdk/psyq/lib\libetc.a(vmode.o)
 *(.data1)
 *(.sdata .sdata.* .gnu.linkonce.s.*)
 *(.sdata2 .sdata2.* .gnu.linkonce.s2.*)
 *(.got.plt)
 *(.got)
                0x0000000080017800                . = ALIGN (0x800)
 *fill*         0x0000000080017640      0x1c0 
                0x0000000080017800                __data_end = .
                0x0000000080017800                __fdata_end = .
                0x0000000080017800                __bss_start = .

.sbss           0x0000000080017800    0x15e00
 *(.dynsbss)
 *(.sbss .sbss.* .gnu.linkonce.sb.*)
 .sbss          0x0000000080017800        0xc compile/c_output/output_code.psx.o
                0x0000000080017800                tile
                0x0000000080017804                nextpri
                0x0000000080017808                db
 *(.scommon)
 *(.dynbss)
 *(.bss .bss.* .gnu.linkonce.b.*)
 .bss           0x000000008001780c    0x10164 compile/c_output/output_code.psx.o
                0x000000008001780c                padbuff
                0x0000000080017850                pribuff
                0x0000000080027850                ot
                0x0000000080027890                draw
                0x0000000080027948                disp
 .bss           0x0000000080027970       0x10 C:/Users/Tue/Documents/GitHub/PS1Compiler/psyqsdk/psyq/lib\libapi.a(pad.o)
                0x0000000080027970                _apiPadPatch
 .bss           0x0000000080027980       0x10 C:/Users/Tue/Documents/GitHub/PS1Compiler/psyqsdk/psyq/lib\libapi.a(patch.o)
 .bss           0x0000000080027990       0x10 C:/Users/Tue/Documents/GitHub/PS1Compiler/psyqsdk/psyq/lib\libapi.a(chclrpad.o)
 .bss           0x00000000800279a0     0x4410 C:/Users/Tue/Documents/GitHub/PS1Compiler/psyqsdk/psyq/lib\libgpu.a(font.o)
 .bss           0x000000008002bdb0     0x1850 C:/Users/Tue/Documents/GitHub/PS1Compiler/psyqsdk/psyq/lib\libgpu.a(sys.o)
                0x000000008002be00                _que
 *(COMMON)
                0x000000008002d600                . = ALIGN (0x4)
                0x000000008002d600                __bss_end = .
                0x000000008002d600                __heap_start = __heap_base
                0x000000008000f800                . = (ADDR (.text) - 0x800)
                0x000000008000f800                __end = .

/DISCARD/
 *(.MIPS.abiflags)

/DISCARD/
 *(.rel.iplt)
 *(.rela.iplt)
 *(.rel.plt)
 *(.rela.plt)
 *(.plt)
 *(.iplt)

/DISCARD/
 *(.note.GNU-stack)
 *(.gnu_debuglink)
 *(.gnu.lto_*)
OUTPUT(compile/output/code.elf elf32-littlemips)

.reginfo        0x0000000000000000       0x18
 .reginfo       0x0000000000000000       0x18 compile/c_output/output_code.psx.o

.mdebug.abi32   0x0000000000000000        0x0
 .mdebug.abi32  0x0000000000000000        0x0 compile/c_output/output_code.psx.o

.comment        0x0000000000000000       0x12
 .comment       0x0000000000000000       0x12 compile/c_output/output_code.psx.o
                                         0x13 (size before relaxing)

.gnu.attributes
                0x0000000000000000       0x10
 .gnu.attributes
                0x0000000000000000       0x10 compile/c_output/output_code.psx.o
 .gnu.attributes
                0x0000000000000010       0x10 C:/Users/Tue/Documents/GitHub/PS1Compiler/psyqsdk/thirdparty/nugget/common/crt0/crt0.o

.pdr            0x0000000000000000        0x0
 .pdr           0x0000000000000000        0x0 C:/Users/Tue/Documents/GitHub/PS1Compiler/psyqsdk/thirdparty/nugget/common/crt0/crt0.o

.note           0x0000000000000000     0x137c
 .note          0x0000000000000000       0x74 C:/Users/Tue/Documents/GitHub/PS1Compiler/psyqsdk/psyq/lib\libapi.a(a91.o)
 .note          0x0000000000000074       0x74 C:/Users/Tue/Documents/GitHub/PS1Compiler/psyqsdk/psyq/lib\libapi.a(pad.o)
 .note          0x00000000000000e8       0x74 C:/Users/Tue/Documents/GitHub/PS1Compiler/psyqsdk/psyq/lib\libapi.a(patch.o)
 .note          0x000000000000015c       0x74 C:/Users/Tue/Documents/GitHub/PS1Compiler/psyqsdk/psyq/lib\libapi.a(a18.o)
 .note          0x00000000000001d0       0x74 C:/Users/Tue/Documents/GitHub/PS1Compiler/psyqsdk/psyq/lib\libapi.a(a19.o)
 .note          0x0000000000000244       0x74 C:/Users/Tue/Documents/GitHub/PS1Compiler/psyqsdk/psyq/lib\libapi.a(a21.o)
 .note          0x00000000000002b8       0x74 C:/Users/Tue/Documents/GitHub/PS1Compiler/psyqsdk/psyq/lib\libapi.a(a36.o)
 .note          0x000000000000032c       0x74 C:/Users/Tue/Documents/GitHub/PS1Compiler/psyqsdk/psyq/lib\libapi.a(a37.o)
 .note          0x00000000000003a0       0x74 C:/Users/Tue/Documents/GitHub/PS1Compiler/psyqsdk/psyq/lib\libapi.a(c68.o)
 .note          0x0000000000000414       0x74 C:/Users/Tue/Documents/GitHub/PS1Compiler/psyqsdk/psyq/lib\libapi.a(chclrpad.o)
 .note          0x0000000000000488       0x74 C:/Users/Tue/Documents/GitHub/PS1Compiler/psyqsdk/psyq/lib\libapi.a(l02.o)
 .note          0x00000000000004fc       0x74 C:/Users/Tue/Documents/GitHub/PS1Compiler/psyqsdk/psyq/lib\libapi.a(l03.o)
 .note          0x0000000000000570       0x74 C:/Users/Tue/Documents/GitHub/PS1Compiler/psyqsdk/psyq/lib\libetc.a(vsync.o)
 .note          0x00000000000005e4       0x74 C:/Users/Tue/Documents/GitHub/PS1Compiler/psyqsdk/psyq/lib\libetc.a(intr_vb.o)
 .note          0x0000000000000658       0x74 C:/Users/Tue/Documents/GitHub/PS1Compiler/psyqsdk/psyq/lib\libetc.a(intr.o)
 .note          0x00000000000006cc       0x74 C:/Users/Tue/Documents/GitHub/PS1Compiler/psyqsdk/psyq/lib\libetc.a(intr_dma.o)
 .note          0x0000000000000740       0x74 C:/Users/Tue/Documents/GitHub/PS1Compiler/psyqsdk/psyq/lib\libgpu.a(e03.o)
 .note          0x00000000000007b4       0x74 C:/Users/Tue/Documents/GitHub/PS1Compiler/psyqsdk/psyq/lib\libgpu.a(e04.o)
 .note          0x0000000000000828       0x74 C:/Users/Tue/Documents/GitHub/PS1Compiler/psyqsdk/psyq/lib\libgpu.a(font.o)
 .note          0x000000000000089c       0x74 C:/Users/Tue/Documents/GitHub/PS1Compiler/psyqsdk/psyq/lib\libgpu.a(p06.o)
 .note          0x0000000000000910       0x74 C:/Users/Tue/Documents/GitHub/PS1Compiler/psyqsdk/psyq/lib\libgpu.a(p09.o)
 .note          0x0000000000000984       0x74 C:/Users/Tue/Documents/GitHub/PS1Compiler/psyqsdk/psyq/lib\libgpu.a(p10.o)
 .note          0x00000000000009f8       0x74 C:/Users/Tue/Documents/GitHub/PS1Compiler/psyqsdk/psyq/lib\libgpu.a(p20.o)
 .note          0x0000000000000a6c       0x74 C:/Users/Tue/Documents/GitHub/PS1Compiler/psyqsdk/psyq/lib\libgpu.a(p26.o)
 .note          0x0000000000000ae0       0x74 C:/Users/Tue/Documents/GitHub/PS1Compiler/psyqsdk/psyq/lib\libgpu.a(p41.o)
 .note          0x0000000000000b54       0x74 C:/Users/Tue/Documents/GitHub/PS1Compiler/psyqsdk/psyq/lib\libgpu.a(sys.o)
 .note          0x0000000000000bc8       0x74 C:/Users/Tue/Documents/GitHub/PS1Compiler/psyqsdk/psyq/lib\libgpu.a(e00.o)
 .note          0x0000000000000c3c       0x74 C:/Users/Tue/Documents/GitHub/PS1Compiler/psyqsdk/psyq/lib\libgpu.a(e02.o)
 .note          0x0000000000000cb0       0x74 C:/Users/Tue/Documents/GitHub/PS1Compiler/psyqsdk/psyq/lib\libgpu.a(p00.o)
 .note          0x0000000000000d24       0x74 C:/Users/Tue/Documents/GitHub/PS1Compiler/psyqsdk/psyq/lib\libgpu.a(p01.o)
 .note          0x0000000000000d98       0x74 C:/Users/Tue/Documents/GitHub/PS1Compiler/psyqsdk/psyq/lib\libapi.a(a23.o)
 .note          0x0000000000000e0c       0x74 C:/Users/Tue/Documents/GitHub/PS1Compiler/psyqsdk/psyq/lib\libapi.a(a24.o)
 .note          0x0000000000000e80       0x74 C:/Users/Tue/Documents/GitHub/PS1Compiler/psyqsdk/psyq/lib\libapi.a(a25.o)
 .note          0x0000000000000ef4       0x74 C:/Users/Tue/Documents/GitHub/PS1Compiler/psyqsdk/psyq/lib\libapi.a(c114.o)
 .note          0x0000000000000f68       0x74 C:/Users/Tue/Documents/GitHub/PS1Compiler/psyqsdk/psyq/lib\libapi.a(c73.o)
 .note          0x0000000000000fdc       0x74 C:/Users/Tue/Documents/GitHub/PS1Compiler/psyqsdk/psyq/lib\libapi.a(l10.o)
 .note          0x0000000000001050       0x74 C:/Users/Tue/Documents/GitHub/PS1Compiler/psyqsdk/psyq/lib\libc.a(a63.o)
 .note          0x00000000000010c4       0x74 C:/Users/Tue/Documents/GitHub/PS1Compiler/psyqsdk/psyq/lib\libc.a(c19.o)
 .note          0x0000000000001138       0x74 C:/Users/Tue/Documents/GitHub/PS1Compiler/psyqsdk/psyq/lib\libc.a(c27.o)
 .note          0x00000000000011ac       0x74 C:/Users/Tue/Documents/GitHub/PS1Compiler/psyqsdk/psyq/lib\libc.a(c42.o)
 .note          0x0000000000001220       0x74 C:/Users/Tue/Documents/GitHub/PS1Compiler/psyqsdk/psyq/lib\libc.a(c43.o)
 .note          0x0000000000001294       0x74 C:/Users/Tue/Documents/GitHub/PS1Compiler/psyqsdk/psyq/lib\libc.a(c63.o)
 .note          0x0000000000001308       0x74 C:/Users/Tue/Documents/GitHub/PS1Compiler/psyqsdk/psyq/lib\libetc.a(vmode.o)

.debug_info     0x0000000000000000      0xa05
 .debug_info    0x0000000000000000      0x9e1 compile/c_output/output_code.psx.o
 .debug_info    0x00000000000009e1       0x24 C:/Users/Tue/Documents/GitHub/PS1Compiler/psyqsdk/thirdparty/nugget/common/crt0/crt0.o

.debug_abbrev   0x0000000000000000      0x2d1
 .debug_abbrev  0x0000000000000000      0x2bd compile/c_output/output_code.psx.o
 .debug_abbrev  0x00000000000002bd       0x14 C:/Users/Tue/Documents/GitHub/PS1Compiler/psyqsdk/thirdparty/nugget/common/crt0/crt0.o

.debug_loclists
                0x0000000000000000       0x3a
 .debug_loclists
                0x0000000000000000       0x3a compile/c_output/output_code.psx.o

.debug_aranges  0x0000000000000000       0x68
 .debug_aranges
                0x0000000000000000       0x48 compile/c_output/output_code.psx.o
 .debug_aranges
                0x0000000000000048       0x20 C:/Users/Tue/Documents/GitHub/PS1Compiler/psyqsdk/thirdparty/nugget/common/crt0/crt0.o

.debug_rnglists
                0x0000000000000000       0x35
 .debug_rnglists
                0x0000000000000000       0x35 compile/c_output/output_code.psx.o

.debug_line     0x0000000000000000      0x344
 .debug_line    0x0000000000000000      0x2e9 compile/c_output/output_code.psx.o
 .debug_line    0x00000000000002e9       0x5b C:/Users/Tue/Documents/GitHub/PS1Compiler/psyqsdk/thirdparty/nugget/common/crt0/crt0.o

.debug_str      0x0000000000000000      0x3b3
 .debug_str     0x0000000000000000      0x36e compile/c_output/output_code.psx.o
                                        0x392 (size before relaxing)
 .debug_str     0x000000000000036e       0x45 C:/Users/Tue/Documents/GitHub/PS1Compiler/psyqsdk/thirdparty/nugget/common/crt0/crt0.o

.debug_frame    0x0000000000000000       0xa4
 .debug_frame   0x0000000000000000       0xa4 compile/c_output/output_code.psx.o

.debug_line_str
                0x0000000000000000       0x4c
 .debug_line_str
                0x0000000000000000       0x4c C:/Users/Tue/Documents/GitHub/PS1Compiler/psyqsdk/thirdparty/nugget/common/crt0/crt0.o
                                         0x98 (size before relaxing)
